Archive member included because of file (symbol)

c:/program files (x86)/atollic/truestudio for arm pro 3.2.0/armtools/bin/../lib/gcc/arm-atollic-eabi/4.6.2/thumb/softfp/armv7e-m/fpv4-sp-d16\libgcc.a(_aeabi_uldivmod.o)
                              BSP\bsp.o (__aeabi_uldivmod)
c:/program files (x86)/atollic/truestudio for arm pro 3.2.0/armtools/bin/../lib/gcc/arm-atollic-eabi/4.6.2/thumb/softfp/armv7e-m/fpv4-sp-d16\libgcc.a(bpabi.o)
                              c:/program files (x86)/atollic/truestudio for arm pro 3.2.0/armtools/bin/../lib/gcc/arm-atollic-eabi/4.6.2/thumb/softfp/armv7e-m/fpv4-sp-d16\libgcc.a(_aeabi_uldivmod.o) (__gnu_uldivmod_helper)
c:/program files (x86)/atollic/truestudio for arm pro 3.2.0/armtools/bin/../lib/gcc/arm-atollic-eabi/4.6.2/thumb/softfp/armv7e-m/fpv4-sp-d16\libgcc.a(unwind-arm.o)
                              c:/program files (x86)/atollic/truestudio for arm pro 3.2.0/armtools/bin/../lib/gcc/arm-atollic-eabi/4.6.2/thumb/softfp/armv7e-m/fpv4-sp-d16\libgcc.a(bpabi.o) (__aeabi_unwind_cpp_pr0)
c:/program files (x86)/atollic/truestudio for arm pro 3.2.0/armtools/bin/../lib/gcc/arm-atollic-eabi/4.6.2/thumb/softfp/armv7e-m/fpv4-sp-d16\libgcc.a(libunwind.o)
                              c:/program files (x86)/atollic/truestudio for arm pro 3.2.0/armtools/bin/../lib/gcc/arm-atollic-eabi/4.6.2/thumb/softfp/armv7e-m/fpv4-sp-d16\libgcc.a(unwind-arm.o) (restore_core_regs)
c:/program files (x86)/atollic/truestudio for arm pro 3.2.0/armtools/bin/../lib/gcc/arm-atollic-eabi/4.6.2/thumb/softfp/armv7e-m/fpv4-sp-d16\libgcc.a(pr-support.o)
                              c:/program files (x86)/atollic/truestudio for arm pro 3.2.0/armtools/bin/../lib/gcc/arm-atollic-eabi/4.6.2/thumb/softfp/armv7e-m/fpv4-sp-d16\libgcc.a(unwind-arm.o) (__gnu_unwind_execute)
c:/program files (x86)/atollic/truestudio for arm pro 3.2.0/armtools/bin/../lib/gcc/arm-atollic-eabi/4.6.2/thumb/softfp/armv7e-m/fpv4-sp-d16\libgcc.a(_dvmd_tls.o)
                              c:/program files (x86)/atollic/truestudio for arm pro 3.2.0/armtools/bin/../lib/gcc/arm-atollic-eabi/4.6.2/thumb/softfp/armv7e-m/fpv4-sp-d16\libgcc.a(_aeabi_uldivmod.o) (__aeabi_ldiv0)
c:/program files (x86)/atollic/truestudio for arm pro 3.2.0/armtools/bin/../lib/gcc/arm-atollic-eabi/4.6.2/thumb/softfp/armv7e-m/fpv4-sp-d16\libgcc.a(_divdi3.o)
                              c:/program files (x86)/atollic/truestudio for arm pro 3.2.0/armtools/bin/../lib/gcc/arm-atollic-eabi/4.6.2/thumb/softfp/armv7e-m/fpv4-sp-d16\libgcc.a(bpabi.o) (__divdi3)
c:/program files (x86)/atollic/truestudio for arm pro 3.2.0/armtools/bin/../lib/gcc/arm-atollic-eabi/4.6.2/thumb/softfp/armv7e-m/fpv4-sp-d16\libgcc.a(_udivdi3.o)
                              c:/program files (x86)/atollic/truestudio for arm pro 3.2.0/armtools/bin/../lib/gcc/arm-atollic-eabi/4.6.2/thumb/softfp/armv7e-m/fpv4-sp-d16\libgcc.a(bpabi.o) (__udivdi3)
c:/program files (x86)/atollic/truestudio for arm pro 3.2.0/armtools/bin/../lib/gcc/arm-atollic-eabi/4.6.2/../../../../arm-atollic-eabi/lib/thumb/softfp/armv7e-m/fpv4-sp-d16\libc.a(lib_a-abort.o)
                              c:/program files (x86)/atollic/truestudio for arm pro 3.2.0/armtools/bin/../lib/gcc/arm-atollic-eabi/4.6.2/thumb/softfp/armv7e-m/fpv4-sp-d16\libgcc.a(unwind-arm.o) (abort)
c:/program files (x86)/atollic/truestudio for arm pro 3.2.0/armtools/bin/../lib/gcc/arm-atollic-eabi/4.6.2/../../../../arm-atollic-eabi/lib/thumb/softfp/armv7e-m/fpv4-sp-d16\libc.a(lib_a-init.o)
                              BSP\TrueSTUDIO\cstartup.o (__libc_init_array)
c:/program files (x86)/atollic/truestudio for arm pro 3.2.0/armtools/bin/../lib/gcc/arm-atollic-eabi/4.6.2/../../../../arm-atollic-eabi/lib/thumb/softfp/armv7e-m/fpv4-sp-d16\libc.a(lib_a-memcpy.o)
                              c:/program files (x86)/atollic/truestudio for arm pro 3.2.0/armtools/bin/../lib/gcc/arm-atollic-eabi/4.6.2/thumb/softfp/armv7e-m/fpv4-sp-d16\libgcc.a(unwind-arm.o) (memcpy)
c:/program files (x86)/atollic/truestudio for arm pro 3.2.0/armtools/bin/../lib/gcc/arm-atollic-eabi/4.6.2/../../../../arm-atollic-eabi/lib/thumb/softfp/armv7e-m/fpv4-sp-d16\libc.a(lib_a-signal.o)
                              c:/program files (x86)/atollic/truestudio for arm pro 3.2.0/armtools/bin/../lib/gcc/arm-atollic-eabi/4.6.2/../../../../arm-atollic-eabi/lib/thumb/softfp/armv7e-m/fpv4-sp-d16\libc.a(lib_a-abort.o) (raise)
c:/program files (x86)/atollic/truestudio for arm pro 3.2.0/armtools/bin/../lib/gcc/arm-atollic-eabi/4.6.2/../../../../arm-atollic-eabi/lib/thumb/softfp/armv7e-m/fpv4-sp-d16\libc.a(lib_a-signalr.o)
                              c:/program files (x86)/atollic/truestudio for arm pro 3.2.0/armtools/bin/../lib/gcc/arm-atollic-eabi/4.6.2/../../../../arm-atollic-eabi/lib/thumb/softfp/armv7e-m/fpv4-sp-d16\libc.a(lib_a-signal.o) (_kill_r)
[...]
Memory Configuration

Name             Origin             Length             Attributes
FLASH            0x08000000         0x00100000         xr
RAM              0x20000000         0x00020000         xrw
MEMORY_B1        0x60000000         0x00000000         xr
CCMRAM           0x10000000         0x00010000         rw
*default*        0x00000000         0xffffffff

Linker script and memory map

LOAD c:/program files (x86)/atollic/truestudio for arm pro 3.2.0/armtools/bin/../lib/gcc/arm-atollic-eabi/4.6.2/thumb/softfp/armv7e-m/fpv4-sp-d16/crti.o
LOAD c:/program files (x86)/atollic/truestudio for arm pro 3.2.0/armtools/bin/../lib/gcc/arm-atollic-eabi/4.6.2/thumb/softfp/armv7e-m/fpv4-sp-d16/crtbegin.o
LOAD uCOS-III\Source\os_var.o
LOAD uCOS-III\Source\os_tmr.o
LOAD uCOS-III\Source\os_time.o
LOAD uCOS-III\Source\os_tick.o
LOAD uCOS-III\Source\os_task.o
LOAD uCOS-III\Source\os_stat.o
LOAD uCOS-III\Source\os_sem.o
LOAD uCOS-III\Source\os_q.o
LOAD uCOS-III\Source\os_prio.o
LOAD uCOS-III\Source\os_pend_multi.o
LOAD uCOS-III\Source\os_mutex.o
LOAD uCOS-III\Source\os_msg.o
LOAD uCOS-III\Source\os_mem.o
LOAD uCOS-III\Source\os_int.o
LOAD uCOS-III\Source\os_flag.o
LOAD uCOS-III\Source\os_dbg.o
LOAD uCOS-III\Source\os_core.o
LOAD uCOS-III\Source\os_cfg_app.o
LOAD uCOS-III\Ports\ARM-Cortex-M4\Generic\GNU\os_cpu_c.o
LOAD uCOS-III\Ports\ARM-Cortex-M4\Generic\GNU\os_cpu_a.o
LOAD uC-Serial\Source\serial_buf.o
LOAD uC-Serial\Source\serial.o
LOAD uC-Serial\OS\uCOS-III\serial_os.o
LOAD uC-Serial\Line\serial_line_tty.o
LOAD uC-Serial\Line\serial_line_probe.o
LOAD uC-Serial\Line\serial_line_dflt.o
LOAD uC-Serial\Driver\ST\serial_drv_stm32.o
LOAD uC-Serial\Driver\ST\STM3240x\serial_bsp_stm3240x.o
LOAD uC-LIB\lib_str.o
LOAD uC-LIB\lib_mem.o
LOAD uC-LIB\lib_math.o
LOAD uC-LIB\lib_ascii.o
LOAD uC-CPU\cpu_core.o
LOAD uC-CPU\ARM-Cortex-M4\GNU\cpu_c.o
LOAD uC-CPU\ARM-Cortex-M4\GNU\cpu_a.o
LOAD BSP\bsp_periph.o
LOAD BSP\bsp_int.o
LOAD BSP\bsp.o
LOAD BSP\TrueSTUDIO\cstartup.o
LOAD BSP\ST\STM32F4xx\src\stm32f4xx_wwdg.o
LOAD BSP\ST\STM32F4xx\src\stm32f4xx_usart.o
LOAD BSP\ST\STM32F4xx\src\stm32f4xx_tim.o
LOAD BSP\ST\STM32F4xx\src\stm32f4xx_syscfg.o
LOAD BSP\ST\STM32F4xx\src\stm32f4xx_spi.o
LOAD BSP\ST\STM32F4xx\src\stm32f4xx_sdio.o
LOAD BSP\ST\STM32F4xx\src\stm32f4xx_rtc.o
LOAD BSP\ST\STM32F4xx\src\stm32f4xx_rng.o
LOAD BSP\ST\STM32F4xx\src\stm32f4xx_rcc.o
LOAD BSP\ST\STM32F4xx\src\stm32f4xx_pwr.o
LOAD BSP\ST\STM32F4xx\src\stm32f4xx_iwdg.o
LOAD BSP\ST\STM32F4xx\src\stm32f4xx_i2c.o
LOAD BSP\ST\STM32F4xx\src\stm32f4xx_hash_sha1.o
LOAD BSP\ST\STM32F4xx\src\stm32f4xx_hash_md5.o
LOAD BSP\ST\STM32F4xx\src\stm32f4xx_hash.o
LOAD BSP\ST\STM32F4xx\src\stm32f4xx_gpio.o
LOAD BSP\ST\STM32F4xx\src\stm32f4xx_fsmc.o
LOAD BSP\ST\STM32F4xx\src\stm32f4xx_flash.o
LOAD BSP\ST\STM32F4xx\src\stm32f4xx_exti.o
LOAD BSP\ST\STM32F4xx\src\stm32f4xx_dma.o
LOAD BSP\ST\STM32F4xx\src\stm32f4xx_dcmi.o
LOAD BSP\ST\STM32F4xx\src\stm32f4xx_dbgmcu.o
LOAD BSP\ST\STM32F4xx\src\stm32f4xx_dac.o
LOAD BSP\ST\STM32F4xx\src\stm32f4xx_cryp_tdes.o
LOAD BSP\ST\STM32F4xx\src\stm32f4xx_cryp_des.o
LOAD BSP\ST\STM32F4xx\src\stm32f4xx_cryp_aes.o
LOAD BSP\ST\STM32F4xx\src\stm32f4xx_cryp.o
LOAD BSP\ST\STM32F4xx\src\stm32f4xx_crc.o
LOAD BSP\ST\STM32F4xx\src\stm32f4xx_can.o
LOAD BSP\ST\STM32F4xx\src\stm32f4xx_adc.o
LOAD BSP\ST\STM32F4xx\src\misc.o
LOAD BSP\OS\bsp_os.o
LOAD APP\os_app_hooks.o
LOAD APP\app_serial.o
LOAD APP\app.o
                0x00001000                malloc_getpagesize_P = 0x1000
START GROUP
LOAD c:/program files (x86)/atollic/truestudio for arm pro 3.2.0/armtools/bin/../lib/gcc/arm-atollic-eabi/4.6.2/thumb/softfp/armv7e-m/fpv4-sp-d16\libgcc.a
LOAD c:/program files (x86)/atollic/truestudio for arm pro 3.2.0/armtools/bin/../lib/gcc/arm-atollic-eabi/4.6.2/../../../../arm-atollic-eabi/lib/thumb/softfp/armv7e-m/fpv4-sp-d16\libc.a
END GROUP
LOAD c:/program files (x86)/atollic/truestudio for arm pro 3.2.0/armtools/bin/../lib/gcc/arm-atollic-eabi/4.6.2/thumb/softfp/armv7e-m/fpv4-sp-d16/crtend.o
LOAD c:/program files (x86)/atollic/truestudio for arm pro 3.2.0/armtools/bin/../lib/gcc/arm-atollic-eabi/4.6.2/thumb/softfp/armv7e-m/fpv4-sp-d16/crtn.o
                0x20020000                _estack = 0x20020000
                0x00000000                _Min_Heap_Size = 0x0
                0x00000400                _Min_Stack_Size = 0x400

.isr_vector     0x08000000      0x188
                0x08000000                . = ALIGN (0x4)
 *(.isr_vector)
 .isr_vector    0x08000000      0x188 BSP\TrueSTUDIO\cstartup.o
                0x08000000                g_pfnVectors
                0x08000188                . = ALIGN (0x4)

.text           0x08000188     0xf060
                0x08000188                . = ALIGN (0x4)
 *(.text)
 .text          0x08000188       0x54 c:/program files (x86)/atollic/truestudio for arm pro 3.2.0/armtools/bin/../lib/gcc/arm-atollic-eabi/4.6.2/thumb/softfp/armv7e-m/fpv4-sp-d16/crtbegin.o
 .text          0x080001dc       0x98 uCOS-III\Ports\ARM-Cortex-M4\Generic\GNU\os_cpu_a.o
                0x080001dc                OSStartHighRdy
                0x080001fa                OSCtxSw
                0x08000202                OSIntCtxSw
                0x0800020a                OS_CPU_PendSVHandler
 .text          0x08000274       0x34 uC-CPU\ARM-Cortex-M4\GNU\cpu_a.o
                0x08000274                CPU_IntDis
                0x08000278                CPU_IntEn
                0x0800027c                CPU_SR_Save
                0x08000284                CPU_SR_Restore
                0x0800028a                CPU_WaitForInt
                0x0800028e                CPU_WaitForExcept
                0x08000292                CPU_CntLeadZeros
                0x08000298                CPU_CntTrailZeros
                0x080002a2                CPU_RevBits
 .text          0x080002a8       0x2c c:/program files (x86)/atollic/truestudio for arm pro 3.2.0/armtools/bin/../lib/gcc/arm-atollic-eabi/4.6.2/thumb/softfp/armv7e-m/fpv4-sp-d16\libgcc.a(_aeabi_uldivmod.o)
                0x080002a8                __aeabi_uldivmod
 .text          0x080002d4       0x58 c:/program files (x86)/atollic/truestudio for arm pro 3.2.0/armtools/bin/../lib/gcc/arm-atollic-eabi/4.6.2/thumb/softfp/armv7e-m/fpv4-sp-d16\libgcc.a(bpabi.o)
                0x080002d4                __gnu_ldivmod_helper
                0x08000300                __gnu_uldivmod_helper
 .text          0x0800032c      0xb54 c:/program files (x86)/atollic/truestudio for arm pro 3.2.0/armtools/bin/../lib/gcc/arm-atollic-eabi/4.6.2/thumb/softfp/armv7e-m/fpv4-sp-d16\libgcc.a(unwind-arm.o)
                0x080005d4                _Unwind_VRS_Get
                0x08000614                _Unwind_VRS_Set
                0x08000974                __aeabi_unwind_cpp_pr2
                0x08000978                __aeabi_unwind_cpp_pr1
                0x0800097c                __aeabi_unwind_cpp_pr0
                0x08000980                _Unwind_VRS_Pop
                0x08000d34                _Unwind_GetCFA
                0x08000d38                __gnu_Unwind_RaiseException
                0x08000d98                __gnu_Unwind_ForcedUnwind
                0x08000dac                __gnu_Unwind_Resume
                0x08000de8                __gnu_Unwind_Resume_or_Rethrow
                0x08000df8                _Unwind_Complete
                0x08000dfc                _Unwind_DeleteException
                0x08000e0c                __gnu_Unwind_Backtrace
 .text          0x08000e80      0x1ac c:/program files (x86)/atollic/truestudio for arm pro 3.2.0/armtools/bin/../lib/gcc/arm-atollic-eabi/4.6.2/thumb/softfp/armv7e-m/fpv4-sp-d16\libgcc.a(libunwind.o)
                0x08000e80                __restore_core_regs
                0x08000e80                restore_core_regs
                0x08000e98                __gnu_Unwind_Restore_VFP
                0x08000ea0                __gnu_Unwind_Save_VFP
                0x08000ea8                __gnu_Unwind_Restore_VFP_D
                0x08000eb0                __gnu_Unwind_Save_VFP_D
                0x08000eb8                __gnu_Unwind_Restore_VFP_D_16_to_31
                0x08000ec0                __gnu_Unwind_Save_VFP_D_16_to_31
                0x08000ec8                __gnu_Unwind_Restore_WMMXD
                0x08000f0c                __gnu_Unwind_Save_WMMXD
                0x08000f50                __gnu_Unwind_Restore_WMMXC
                0x08000f64                __gnu_Unwind_Save_WMMXC
                0x08000f78                ___Unwind_RaiseException
                0x08000f78                _Unwind_RaiseException
                0x08000f9c                _Unwind_Resume
                0x08000f9c                ___Unwind_Resume
                0x08000fc0                _Unwind_Resume_or_Rethrow
                0x08000fc0                ___Unwind_Resume_or_Rethrow
                0x08000fe4                _Unwind_ForcedUnwind
                0x08000fe4                ___Unwind_ForcedUnwind
                0x08001008                ___Unwind_Backtrace
                0x08001008                _Unwind_Backtrace
 .text          0x0800102c      0x374 c:/program files (x86)/atollic/truestudio for arm pro 3.2.0/armtools/bin/../lib/gcc/arm-atollic-eabi/4.6.2/thumb/softfp/armv7e-m/fpv4-sp-d16\libgcc.a(pr-support.o)
                0x08001080                __gnu_unwind_execute
                0x08001348                __gnu_unwind_frame
                0x08001370                _Unwind_GetRegionStart
                0x0800137c                _Unwind_GetLanguageSpecificData
                0x08001390                _Unwind_GetDataRelBase
                0x08001398                _Unwind_GetTextRelBase
 .text          0x080013a0        0x4 c:/program files (x86)/atollic/truestudio for arm pro 3.2.0/armtools/bin/../lib/gcc/arm-atollic-eabi/4.6.2/thumb/softfp/armv7e-m/fpv4-sp-d16\libgcc.a(_dvmd_tls.o)
                0x080013a0                __aeabi_idiv0
                0x080013a0                __aeabi_ldiv0
 .text          0x080013a4      0x2c0 c:/program files (x86)/atollic/truestudio for arm pro 3.2.0/armtools/bin/../lib/gcc/arm-atollic-eabi/4.6.2/thumb/softfp/armv7e-m/fpv4-sp-d16\libgcc.a(_divdi3.o)
                0x080013a4                __divdi3
 .text          0x08001664      0x294 c:/program files (x86)/atollic/truestudio for arm pro 3.2.0/armtools/bin/../lib/gcc/arm-atollic-eabi/4.6.2/thumb/softfp/armv7e-m/fpv4-sp-d16\libgcc.a(_udivdi3.o)
                0x08001664                __udivdi3
 .text          0x080018f8      0x370 c:/program files (x86)/atollic/truestudio for arm pro 3.2.0/armtools/bin/../lib/gcc/arm-atollic-eabi/4.6.2/thumb/softfp/armv7e-m/fpv4-sp-d16\libgcc.a(_arm_addsubdf3.o)
                0x080018f8                __aeabi_drsub
                0x08001900                __aeabi_dsub
                0x08001900                __subdf3
                0x08001904                __aeabi_dadd
                0x08001904                __adddf3
                0x08001b7c                __floatunsidf
                0x08001b7c                __aeabi_ui2d
                0x08001b9c                __floatsidf
                0x08001b9c                __aeabi_i2d
                0x08001bc0                __aeabi_f2d
                0x08001bc0                __extendsfdf2
                0x08001bfc                __floatundidf
                0x08001bfc                __aeabi_ul2d
                0x08001c0c                __floatdidf
                0x08001c0c                __aeabi_l2d
 .text          0x08001c68      0x424 c:/program files (x86)/atollic/truestudio for arm pro 3.2.0/armtools/bin/../lib/gcc/arm-atollic-eabi/4.6.2/thumb/softfp/armv7e-m/fpv4-sp-d16\libgcc.a(_arm_muldivdf3.o)
                0x08001c68                __aeabi_dmul
                0x08001c68                __muldf3
                0x08001ebc                __divdf3
                0x08001ebc                __aeabi_ddiv
 .text          0x0800208c      0x110 c:/program files (x86)/atollic/truestudio for arm pro 3.2.0/armtools/bin/../lib/gcc/arm-atollic-eabi/4.6.2/thumb/softfp/armv7e-m/fpv4-sp-d16\libgcc.a(_arm_cmpdf2.o)
                0x0800208c                __gtdf2
                0x0800208c                __gedf2
                0x08002094                __ltdf2
                0x08002094                __ledf2
                0x0800209c                __nedf2
                0x0800209c                __eqdf2
                0x0800209c                __cmpdf2
                0x08002118                __aeabi_cdrcmple
                0x08002128                __aeabi_cdcmpeq
                0x08002128                __aeabi_cdcmple
                0x08002138                __aeabi_dcmpeq
                0x0800214c                __aeabi_dcmplt
                0x08002160                __aeabi_dcmple
                0x08002174                __aeabi_dcmpge
                0x08002188                __aeabi_dcmpgt
 .text          0x0800219c       0x50 c:/program files (x86)/atollic/truestudio for arm pro 3.2.0/armtools/bin/../lib/gcc/arm-atollic-eabi/4.6.2/thumb/softfp/armv7e-m/fpv4-sp-d16\libgcc.a(_arm_fixdfsi.o)
                0x0800219c                __aeabi_d2iz
                0x0800219c                __fixdfsi
 *(.text*)
 .text.OS_TmrInit
                0x080021ec      0x1ac uCOS-III\Source\os_tmr.o
                0x080021ec                OS_TmrInit
 .text.OS_TmrLink
                0x08002398      0x19c uCOS-III\Source\os_tmr.o
                0x08002398                OS_TmrLink
 .text.OS_TmrResetPeak
                0x08002534       0x4c uCOS-III\Source\os_tmr.o
                0x08002534                OS_TmrResetPeak
 .text.OS_TmrUnlink
                0x08002580       0xac uCOS-III\Source\os_tmr.o
                0x08002580                OS_TmrUnlink
 .text.OS_TmrTask
                0x0800262c      0x13c uCOS-III\Source\os_tmr.o
                0x0800262c                OS_TmrTask
 .text.OSTimeDly
                0x08002768      0x100 uCOS-III\Source\os_time.o
                0x08002768                OSTimeDly
 .text.OSTimeDlyHMSM
                0x08002868      0x234 uCOS-III\Source\os_time.o
                0x08002868                OSTimeDlyHMSM
 .text.OSTimeTick
                0x08002a9c       0x78 uCOS-III\Source\os_time.o
                0x08002a9c                OSTimeTick
 .text.OS_TickTask
                0x08002b14       0x3c uCOS-III\Source\os_tick.o
                0x08002b14                OS_TickTask
 .text.OS_TickTaskInit
                0x08002b50       0xf0 uCOS-III\Source\os_tick.o
                0x08002b50                OS_TickTaskInit
 .text.OS_TickListInit
                0x08002c40       0x5c uCOS-III\Source\os_tick.o
                0x08002c40                OS_TickListInit
 .text.OS_TickListInsert
                0x08002c9c      0x23c uCOS-III\Source\os_tick.o
                0x08002c9c                OS_TickListInsert
 .text.OS_TickListRemove
                0x08002ed8       0x98 uCOS-III\Source\os_tick.o
                0x08002ed8                OS_TickListRemove
 .text.OS_TickListResetPeak
                0x08002f70       0x4c uCOS-III\Source\os_tick.o
                0x08002f70                OS_TickListResetPeak
 .text.OS_TickListUpdate
                0x08002fbc      0x26c uCOS-III\Source\os_tick.o
                0x08002fbc                OS_TickListUpdate
 .text.OSTaskCreate
                0x08003228      0x22c uCOS-III\Source\os_task.o
                0x08003228                OSTaskCreate
 .text.OSTaskDel
                0x08003454      0x150 uCOS-III\Source\os_task.o
                0x08003454                OSTaskDel
 .text.OSTaskResume
                0x080035a4       0x6c uCOS-III\Source\os_task.o
                0x080035a4                OSTaskResume
 .text.OSTaskSemPend
                0x08003610      0x278 uCOS-III\Source\os_task.o
                0x08003610                OSTaskSemPend
 .text.OSTaskSemPost
                0x08003888       0x50 uCOS-III\Source\os_task.o
                0x08003888                OSTaskSemPost
 .text.OSTaskStkChk
                0x080038d8      0x108 uCOS-III\Source\os_task.o
                0x080038d8                OSTaskStkChk
 .text.OSTaskSuspend
                0x080039e0       0x4c uCOS-III\Source\os_task.o
                0x080039e0                OSTaskSuspend
 .text.OS_TaskDbgListAdd
                0x08003a2c       0x64 uCOS-III\Source\os_task.o
                0x08003a2c                OS_TaskDbgListAdd
 .text.OS_TaskDbgListRemove
                0x08003a90       0x90 uCOS-III\Source\os_task.o
                0x08003a90                OS_TaskDbgListRemove
 .text.OS_TaskInit
                0x08003b20       0x44 uCOS-III\Source\os_task.o
                0x08003b20                OS_TaskInit
 .text.OS_TaskInitTCB
                0x08003b64      0x204 uCOS-III\Source\os_task.o
                0x08003b64                OS_TaskInitTCB
 .text.OS_TaskResume
                0x08003d68      0x13c uCOS-III\Source\os_task.o
                0x08003d68                OS_TaskResume
 .text.OS_TaskReturn
                0x08003ea4       0x2c uCOS-III\Source\os_task.o
                0x08003ea4                OS_TaskReturn
 .text.OS_TaskSemPost
                0x08003ed0      0x134 uCOS-III\Source\os_task.o
                0x08003ed0                OS_TaskSemPost
 .text.OS_TaskSuspend
                0x08004004      0x13c uCOS-III\Source\os_task.o
                0x08004004                OS_TaskSuspend
 .text.OSStatReset
                0x08004140      0x158 uCOS-III\Source\os_stat.o
                0x08004140                OSStatReset
 .text.OSStatTaskCPUUsageInit
                0x08004298      0x144 uCOS-III\Source\os_stat.o
                0x08004298                OSStatTaskCPUUsageInit
 .text.OS_StatTask
                0x080043dc      0x404 uCOS-III\Source\os_stat.o
                0x080043dc                OS_StatTask
 .text.OS_StatTaskInit
                0x080047e0      0x114 uCOS-III\Source\os_stat.o
                0x080047e0                OS_StatTaskInit
 .text.OSSemCreate
                0x080048f4       0xa8 uCOS-III\Source\os_sem.o
                0x080048f4                OSSemCreate
 .text.OSSemDel
                0x0800499c      0x174 uCOS-III\Source\os_sem.o
                0x0800499c                OSSemDel
 .text.OSSemPend
                0x08004b10      0x204 uCOS-III\Source\os_sem.o
                0x08004b10                OSSemPend
 .text.OSSemPendAbort
                0x08004d14      0x124 uCOS-III\Source\os_sem.o
                0x08004d14                OSSemPendAbort
 .text.OSSemPost
                0x08004e38       0x98 uCOS-III\Source\os_sem.o
                0x08004e38                OSSemPost
 .text.OS_SemClr
                0x08004ed0       0x44 uCOS-III\Source\os_sem.o
                0x08004ed0                OS_SemClr
 .text.OS_SemDbgListAdd
                0x08004f14       0x68 uCOS-III\Source\os_sem.o
                0x08004f14                OS_SemDbgListAdd
 .text.OS_SemDbgListRemove
                0x08004f7c       0x7c uCOS-III\Source\os_sem.o
                0x08004f7c                OS_SemDbgListRemove
 .text.OS_SemInit
                0x08004ff8       0x38 uCOS-III\Source\os_sem.o
                0x08004ff8                OS_SemInit
 .text.OS_SemPost
                0x08005030       0xf8 uCOS-III\Source\os_sem.o
                0x08005030                OS_SemPost
 .text.OS_QInit
                0x08005128       0x38 uCOS-III\Source\os_q.o
                0x08005128                OS_QInit
 .text.OS_PrioInit
                0x08005160       0x38 uCOS-III\Source\os_prio.o
                0x08005160                OS_PrioInit
 .text.OS_PrioGetHighest
                0x08005198       0x50 uCOS-III\Source\os_prio.o
                0x08005198                OS_PrioGetHighest
 .text.OS_PrioInsert
                0x080051e8       0x58 uCOS-III\Source\os_prio.o
                0x080051e8                OS_PrioInsert
 .text.OS_PrioRemove
                0x08005240       0x5c uCOS-III\Source\os_prio.o
                0x08005240                OS_PrioRemove
 .text.OS_MutexInit
                0x0800529c       0x38 uCOS-III\Source\os_mutex.o
                0x0800529c                OS_MutexInit
 .text.OS_MsgPoolInit
                0x080052d4      0x124 uCOS-III\Source\os_msg.o
                0x080052d4                OS_MsgPoolInit
 .text.OS_MsgQFreeAll
                0x080053f8       0xa0 uCOS-III\Source\os_msg.o
                0x080053f8                OS_MsgQFreeAll
 .text.OS_MsgQInit
                0x08005498       0x3c uCOS-III\Source\os_msg.o
                0x08005498                OS_MsgQInit
 .text.OS_MemInit
                0x080054d4       0x38 uCOS-III\Source\os_mem.o
                0x080054d4                OS_MemInit
 .text.OS_FlagInit
                0x0800550c       0x38 uCOS-III\Source\os_flag.o
                0x0800550c                OS_FlagInit
 .text.OS_Dbg_Init
                0x08005544      0x2cc uCOS-III\Source\os_dbg.o
                0x08005544                OS_Dbg_Init
 .text.OSInit   0x08005810      0x218 uCOS-III\Source\os_core.o
                0x08005810                OSInit
 .text.OSIntEnter
                0x08005a28       0x48 uCOS-III\Source\os_core.o
                0x08005a28                OSIntEnter
 .text.OSIntExit
                0x08005a70      0x124 uCOS-III\Source\os_core.o
                0x08005a70                OSIntExit
 .text.OSSched  0x08005b94       0xd8 uCOS-III\Source\os_core.o
                0x08005b94                OSSched
 .text.OSSchedLock
                0x08005c6c       0x90 uCOS-III\Source\os_core.o
                0x08005c6c                OSSchedLock
 .text.OSSchedUnlock
                0x08005cfc       0xb0 uCOS-III\Source\os_core.o
                0x08005cfc                OSSchedUnlock
 .text.OSStart  0x08005dac       0xac uCOS-III\Source\os_core.o
                0x08005dac                OSStart
 .text.OS_IdleTask
                0x08005e58       0x54 uCOS-III\Source\os_core.o
                0x08005e58                OS_IdleTask
 .text.OS_IdleTaskInit
                0x08005eac       0x84 uCOS-III\Source\os_core.o
                0x08005eac                OS_IdleTaskInit
 .text.OS_Pend  0x08005f30       0xb4 uCOS-III\Source\os_core.o
                0x08005f30                OS_Pend
 .text.OS_PendAbort
                0x08005fe4      0x104 uCOS-III\Source\os_core.o
                0x08005fe4                OS_PendAbort
 .text.OS_PendAbort1
                0x080060e8       0x54 uCOS-III\Source\os_core.o
                0x080060e8                OS_PendAbort1
 .text.OS_PendDataInit
                0x0800613c       0x7c uCOS-III\Source\os_core.o
                0x0800613c                OS_PendDataInit
 .text.OS_PendDbgNameAdd
                0x080061b8       0x84 uCOS-III\Source\os_core.o
                0x080061b8                OS_PendDbgNameAdd
 .text.OS_PendDbgNameRemove
                0x0800623c       0x54 uCOS-III\Source\os_core.o
                0x0800623c                OS_PendDbgNameRemove
 .text.OS_PendListInit
                0x08006290       0x2c uCOS-III\Source\os_core.o
                0x08006290                OS_PendListInit
 .text.OS_PendListInsertPrio
                0x080062bc       0xf4 uCOS-III\Source\os_core.o
                0x080062bc                OS_PendListInsertPrio
 .text.OS_PendListRemove
                0x080063b0       0x5c uCOS-III\Source\os_core.o
                0x080063b0                OS_PendListRemove
 .text.OS_PendListRemove1
                0x0800640c       0xa0 uCOS-III\Source\os_core.o
                0x0800640c                OS_PendListRemove1
 .text.OS_PendObjDel
                0x080064ac       0xf8 uCOS-III\Source\os_core.o
                0x080064ac                OS_PendObjDel
 .text.OS_PendObjDel1
                0x080065a4       0x54 uCOS-III\Source\os_core.o
                0x080065a4                OS_PendObjDel1
 .text.OS_Post  0x080065f8      0x11c uCOS-III\Source\os_core.o
                0x080065f8                OS_Post
 .text.OS_Post1
                0x08006714       0x60 uCOS-III\Source\os_core.o
                0x08006714                OS_Post1
 .text.OS_RdyListInit
                0x08006774       0x5c uCOS-III\Source\os_core.o
                0x08006774                OS_RdyListInit
 .text.OS_RdyListInsert
                0x080067d0       0x40 uCOS-III\Source\os_core.o
                0x080067d0                OS_RdyListInsert
 .text.OS_RdyListInsertHead
                0x08006810       0x94 uCOS-III\Source\os_core.o
                0x08006810                OS_RdyListInsertHead
 .text.OS_RdyListInsertTail
                0x080068a4       0x90 uCOS-III\Source\os_core.o
                0x080068a4                OS_RdyListInsertTail
 .text.OS_RdyListRemove
                0x08006934       0xc8 uCOS-III\Source\os_core.o
                0x08006934                OS_RdyListRemove
 .text.OS_TaskBlock
                0x080069fc       0x58 uCOS-III\Source\os_core.o
                0x080069fc                OS_TaskBlock
 .text.OS_TaskRdy
                0x08006a54       0x2c uCOS-III\Source\os_core.o
                0x08006a54                OS_TaskRdy
 .text.OSCfg_Init
                0x08006a80        0xc uCOS-III\Source\os_cfg_app.o
                0x08006a80                OSCfg_Init
 .text.OSIdleTaskHook
                0x08006a8c       0x20 uCOS-III\Ports\ARM-Cortex-M4\Generic\GNU\os_cpu_c.o
                0x08006a8c                OSIdleTaskHook
 .text.OSInitHook
                0x08006aac       0x48 uCOS-III\Ports\ARM-Cortex-M4\Generic\GNU\os_cpu_c.o
                0x08006aac                OSInitHook
 .text.OSStatTaskHook
                0x08006af4       0x20 uCOS-III\Ports\ARM-Cortex-M4\Generic\GNU\os_cpu_c.o
                0x08006af4                OSStatTaskHook
 .text.OSTaskCreateHook
                0x08006b14       0x2c uCOS-III\Ports\ARM-Cortex-M4\Generic\GNU\os_cpu_c.o
                0x08006b14                OSTaskCreateHook
 .text.OSTaskDelHook
                0x08006b40       0x2c uCOS-III\Ports\ARM-Cortex-M4\Generic\GNU\os_cpu_c.o
                0x08006b40                OSTaskDelHook
 .text.OSTaskReturnHook
                0x08006b6c       0x2c uCOS-III\Ports\ARM-Cortex-M4\Generic\GNU\os_cpu_c.o
                0x08006b6c                OSTaskReturnHook
 .text.OSTaskStkInit
                0x08006b98      0x130 uCOS-III\Ports\ARM-Cortex-M4\Generic\GNU\os_cpu_c.o
                0x08006b98                OSTaskStkInit
 .text.OSTaskSwHook
                0x08006cc8       0xa4 uCOS-III\Ports\ARM-Cortex-M4\Generic\GNU\os_cpu_c.o
                0x08006cc8                OSTaskSwHook
 .text.OSTimeTickHook
                0x08006d6c       0x20 uCOS-III\Ports\ARM-Cortex-M4\Generic\GNU\os_cpu_c.o
                0x08006d6c                OSTimeTickHook
 .text.OS_CPU_SysTickHandler
                0x08006d8c       0x44 uCOS-III\Ports\ARM-Cortex-M4\Generic\GNU\os_cpu_c.o
                0x08006d8c                OS_CPU_SysTickHandler
 .text.OS_CPU_SysTickInit
                0x08006dd0       0x74 uCOS-III\Ports\ARM-Cortex-M4\Generic\GNU\os_cpu_c.o
                0x08006dd0                OS_CPU_SysTickInit
 .text.SerialBuf_Init
                0x08006e44       0x48 uC-Serial\Source\serial_buf.o
                0x08006e44                SerialBuf_Init
 .text.SerialBuf_Clr
                0x08006e8c       0x24 uC-Serial\Source\serial_buf.o
                0x08006e8c                SerialBuf_Clr
 .text.SerialBuf_RdOctet
                0x08006eb0       0x8c uC-Serial\Source\serial_buf.o
                0x08006eb0                SerialBuf_RdOctet
 .text.SerialBuf_WrOctet
                0x08006f3c       0x88 uC-Serial\Source\serial_buf.o
                0x08006f3c                SerialBuf_WrOctet
 .text.SerialBuf_Cmp
                0x08006fc4       0xa0 uC-Serial\Source\serial_buf.o
                0x08006fc4                SerialBuf_Cmp
 .text.SerialBuf_IsFull
                0x08007064       0x2c uC-Serial\Source\serial_buf.o
                0x08007064                SerialBuf_IsFull
 .text.SerialBuf_Size
                0x08007090       0x1c uC-Serial\Source\serial_buf.o
                0x08007090                SerialBuf_Size
 .text.SerialBuf_DataLen
                0x080070ac       0x24 uC-Serial\Source\serial_buf.o
                0x080070ac                SerialBuf_DataLen
 .text.Serial_Init
                0x080070d0       0xc0 uC-Serial\Source\serial.o
                0x080070d0                Serial_Init
 .text.Serial_DevDrvAdd
                0x08007190      0x32c uC-Serial\Source\serial.o
                0x08007190                Serial_DevDrvAdd
 .text.Serial_IF_IsValid
                0x080074bc       0x8c uC-Serial\Source\serial.o
 .text.Serial_SetLineDrv
                0x08007548       0xf8 uC-Serial\Source\serial.o
                0x08007548                Serial_SetLineDrv
 .text.Serial_Open
                0x08007640      0x1a0 uC-Serial\Source\serial.o
                0x08007640                Serial_Open
 .text.Serial_Wr
                0x080077e0      0x130 uC-Serial\Source\serial.o
                0x080077e0                Serial_Wr
 .text.SerialIF_Rx
                0x08007910      0x23c uC-Serial\Source\serial.o
                0x08007910                SerialIF_Rx
 .text.SerialIF_Tx
                0x08007b4c      0x138 uC-Serial\Source\serial.o
                0x08007b4c                SerialIF_Tx
 .text.SerialIF_TxWrBuf
                0x08007c84       0x7c uC-Serial\Source\serial.o
                0x08007c84                SerialIF_TxWrBuf
 .text.Serial_IF_Clr
                0x08007d00       0x50 uC-Serial\Source\serial.o
 .text.Serial_IF_RdClr
                0x08007d50       0x40 uC-Serial\Source\serial.o
 .text.Serial_IF_WrClr
                0x08007d90       0x3c uC-Serial\Source\serial.o
 .text.Serial_IF_RxReset
                0x08007dcc       0x28 uC-Serial\Source\serial.o
 .text.Serial_IF_RxStop
                0x08007df4       0x34 uC-Serial\Source\serial.o
 .text.Serial_WrBufInsert
                0x08007e28       0xbc uC-Serial\Source\serial.o
 .text.Serial_WrBufRemove
                0x08007ee4       0xa4 uC-Serial\Source\serial.o
 .text.Serial_WrBufTxStart
                0x08007f88       0x90 uC-Serial\Source\serial.o
 .text.Serial_WrStart
                0x08008018       0x88 uC-Serial\Source\serial.o
 .text.Serial_WrNext
                0x080080a0       0xc0 uC-Serial\Source\serial.o
 .text.Serial_WrEnd
                0x08008160      0x100 uC-Serial\Source\serial.o
 .text.Serial_WrCallback
                0x08008260       0x34 uC-Serial\Source\serial.o
 .text.SerialOS_Init
                0x08008294       0x5c uC-Serial\OS\uCOS-III\serial_os.o
                0x08008294                SerialOS_Init
 .text.SerialOS_SemCreate
                0x080082f0       0x70 uC-Serial\OS\uCOS-III\serial_os.o
                0x080082f0                SerialOS_SemCreate
 .text.SerialOS_SemDel
                0x08008360       0x44 uC-Serial\OS\uCOS-III\serial_os.o
                0x08008360                SerialOS_SemDel
 .text.SerialOS_SemWait
                0x080083a4       0x84 uC-Serial\OS\uCOS-III\serial_os.o
                0x080083a4                SerialOS_SemWait
 .text.SerialOS_SemSignal
                0x08008428       0x34 uC-Serial\OS\uCOS-III\serial_os.o
                0x08008428                SerialOS_SemSignal
 .text.SerialLine_Open
                0x0800845c       0x8c uC-Serial\Line\serial_line_tty.o
 .text.SerialLine_Close
                0x080084e8       0x54 uC-Serial\Line\serial_line_tty.o
 .text.SerialLine_RdOctet
                0x0800853c       0x94 uC-Serial\Line\serial_line_tty.o
 .text.SerialLine_WrOctet
                0x080085d0       0x7c uC-Serial\Line\serial_line_tty.o
 .text.SerialLine_Open
                0x0800864c       0x24 uC-Serial\Line\serial_line_dflt.o
 .text.SerialLine_Close
                0x08008670       0x20 uC-Serial\Line\serial_line_dflt.o
 .text.SerialLine_RdOctet
                0x08008690       0x3c uC-Serial\Line\serial_line_dflt.o
 .text.SerialLine_WrOctet
                0x080086cc       0x40 uC-Serial\Line\serial_line_dflt.o
 .text.SerialDrv_Init
                0x0800870c       0x1c uC-Serial\Driver\ST\serial_drv_stm32.o
 .text.SerialDrv_Open
                0x08008728      0x238 uC-Serial\Driver\ST\serial_drv_stm32.o
 .text.SerialDrv_Close
                0x08008960       0x5c uC-Serial\Driver\ST\serial_drv_stm32.o
 .text.SerialDrv_RxStart
                0x080089bc       0x38 uC-Serial\Driver\ST\serial_drv_stm32.o
 .text.SerialDrv_RxStop
                0x080089f4       0x38 uC-Serial\Driver\ST\serial_drv_stm32.o
 .text.SerialDrv_RxOctet
                0x08008a2c       0x50 uC-Serial\Driver\ST\serial_drv_stm32.o
 .text.SerialDrv_TxStart
                0x08008a7c       0x38 uC-Serial\Driver\ST\serial_drv_stm32.o
 .text.SerialDrv_TxStop
                0x08008ab4       0x38 uC-Serial\Driver\ST\serial_drv_stm32.o
 .text.SerialDrv_TxOctet
                0x08008aec       0x4c uC-Serial\Driver\ST\serial_drv_stm32.o
 .text.SerialDrv_ISR_Handler
                0x08008b38       0x80 uC-Serial\Driver\ST\serial_drv_stm32.o
 .text.SerialBSP_STM32_USART3_ClkEn
                0x08008bb8       0x20 uC-Serial\Driver\ST\STM3240x\serial_bsp_stm3240x.o
 .text.SerialBSP_STM32_USART3_ClkDis
                0x08008bd8       0x20 uC-Serial\Driver\ST\STM3240x\serial_bsp_stm3240x.o
 .text.SerialBSP_STM32_USART3_CfgGPIO
                0x08008bf8       0xa4 uC-Serial\Driver\ST\STM3240x\serial_bsp_stm3240x.o
 .text.SerialBSP_STM32_USART3_CfgInt
                0x08008c9c       0x40 uC-Serial\Driver\ST\STM3240x\serial_bsp_stm3240x.o
 .text.SerialBSP_STM32_USART3_ClkFreqGet
                0x08008cdc       0x20 uC-Serial\Driver\ST\STM3240x\serial_bsp_stm3240x.o
 .text.SerialBSP_STM32_USART3_IntHandler
                0x08008cfc       0x30 uC-Serial\Driver\ST\STM3240x\serial_bsp_stm3240x.o
 .text.Str_Len  0x08008d2c       0x24 uC-LIB\lib_str.o
                0x08008d2c                Str_Len
 .text.Str_Len_N
                0x08008d50       0x4c uC-LIB\lib_str.o
                0x08008d50                Str_Len_N
 .text.Str_Cmp  0x08008d9c       0x28 uC-LIB\lib_str.o
                0x08008d9c                Str_Cmp
 .text.Str_Cmp_N
                0x08008dc4      0x138 uC-LIB\lib_str.o
                0x08008dc4                Str_Cmp_N
 .text.Mem_Init
                0x08008efc       0xbc uC-LIB\lib_mem.o
                0x08008efc                Mem_Init
 .text.Mem_Clr  0x08008fb8       0x20 uC-LIB\lib_mem.o
                0x08008fb8                Mem_Clr
 .text.Mem_Set  0x08008fd8       0xe4 uC-LIB\lib_mem.o
                0x08008fd8                Mem_Set
 .text.Mem_HeapAlloc
                0x080090bc      0x118 uC-LIB\lib_mem.o
                0x080090bc                Mem_HeapAlloc
 .text.Mem_PoolClr
                0x080091d4       0xc8 uC-LIB\lib_mem.o
                0x080091d4                Mem_PoolClr
 .text.Mem_PoolCreate
                0x0800929c      0x4d8 uC-LIB\lib_mem.o
                0x0800929c                Mem_PoolCreate
 .text.Mem_PoolBlkGet
                0x08009774      0x104 uC-LIB\lib_mem.o
                0x08009774                Mem_PoolBlkGet
 .text.Mem_PoolBlkFree
                0x08009878      0x18c uC-LIB\lib_mem.o
                0x08009878                Mem_PoolBlkFree
 .text.Mem_PoolBlkIsValidAddr
                0x08009a04       0xd0 uC-LIB\lib_mem.o
 .text.Mem_SegCalcTotSize
                0x08009ad4      0x130 uC-LIB\lib_mem.o
 .text.Mem_SegAlloc
                0x08009c04       0xa8 uC-LIB\lib_mem.o
 .text.Math_Init
                0x08009cac       0x10 uC-LIB\lib_math.o
                0x08009cac                Math_Init
 .text.Math_RandSetSeed
                0x08009cbc       0x30 uC-LIB\lib_math.o
                0x08009cbc                Math_RandSetSeed
 .text.CPU_Init
                0x08009cec       0x10 uC-CPU\cpu_core.o
                0x08009cec                CPU_Init
 .text.CPU_SW_Exception
                0x08009cfc        0x8 uC-CPU\cpu_core.o
                0x08009cfc                CPU_SW_Exception
 .text.CPU_NameClr
                0x08009d04       0x34 uC-CPU\cpu_core.o
                0x08009d04                CPU_NameClr
 .text.CPU_TS_TmrFreqSet
                0x08009d38       0x20 uC-CPU\cpu_core.o
                0x08009d38                CPU_TS_TmrFreqSet
 .text.CPU_NameInit
                0x08009d58        0xc uC-CPU\cpu_core.o
 .text.CPU_TS_Init
                0x08009d64       0x18 uC-CPU\cpu_core.o
 .text.CPU_IntSrcEn
                0x08009d7c      0x198 uC-CPU\ARM-Cortex-M4\GNU\cpu_c.o
                0x08009d7c                CPU_IntSrcEn
 .text.BSP_PeriphClkFreqGet
                0x08009f14      0x2f0 BSP\bsp_periph.o
                0x08009f14                BSP_PeriphClkFreqGet
 .text.BSP_PeriphEn
                0x0800a204      0x328 BSP\bsp_periph.o
                0x0800a204                BSP_PeriphEn
 .text.BSP_PeriphDis
                0x0800a52c      0x33c BSP\bsp_periph.o
                0x0800a52c                BSP_PeriphDis
 .text.BSP_IntDisAll
                0x0800a868        0xc BSP\bsp_int.o
                0x0800a868                BSP_IntDisAll
 .text.BSP_IntEn
                0x0800a874       0x28 BSP\bsp_int.o
                0x0800a874                BSP_IntEn
 .text.BSP_IntVectSet
                0x0800a89c       0x3c BSP\bsp_int.o
                0x0800a89c                BSP_IntVectSet
 .text.BSP_IntInit
                0x0800a8d8       0x34 BSP\bsp_int.o
                0x0800a8d8                BSP_IntInit
 .text.BSP_IntHandlerWWDG
                0x0800a90c       0x10 BSP\bsp_int.o
                0x0800a90c                BSP_IntHandlerWWDG
 .text.BSP_IntHandlerPVD
                0x0800a91c       0x10 BSP\bsp_int.o
                0x0800a91c                BSP_IntHandlerPVD
 .text.BSP_IntHandlerTAMP_STAMP
                0x0800a92c       0x10 BSP\bsp_int.o
                0x0800a92c                BSP_IntHandlerTAMP_STAMP
 .text.BSP_IntHandlerRTC_WKUP
                0x0800a93c       0x10 BSP\bsp_int.o
                0x0800a93c                BSP_IntHandlerRTC_WKUP
 .text.BSP_IntHandlerFLASH
                0x0800a94c       0x10 BSP\bsp_int.o
                0x0800a94c                BSP_IntHandlerFLASH
 .text.BSP_IntHandlerRCC
                0x0800a95c       0x10 BSP\bsp_int.o
                0x0800a95c                BSP_IntHandlerRCC
 .text.BSP_IntHandlerEXTI0
                0x0800a96c       0x10 BSP\bsp_int.o
                0x0800a96c                BSP_IntHandlerEXTI0
 .text.BSP_IntHandlerEXTI1
                0x0800a97c       0x10 BSP\bsp_int.o
                0x0800a97c                BSP_IntHandlerEXTI1
 .text.BSP_IntHandlerEXTI2
                0x0800a98c       0x10 BSP\bsp_int.o
                0x0800a98c                BSP_IntHandlerEXTI2
 .text.BSP_IntHandlerEXTI3
                0x0800a99c       0x10 BSP\bsp_int.o
                0x0800a99c                BSP_IntHandlerEXTI3
 .text.BSP_IntHandlerEXTI4
                0x0800a9ac       0x10 BSP\bsp_int.o
                0x0800a9ac                BSP_IntHandlerEXTI4
 .text.BSP_IntHandlerDMA1_CH0
                0x0800a9bc       0x10 BSP\bsp_int.o
                0x0800a9bc                BSP_IntHandlerDMA1_CH0
 .text.BSP_IntHandlerDMA1_CH1
                0x0800a9cc       0x10 BSP\bsp_int.o
                0x0800a9cc                BSP_IntHandlerDMA1_CH1
 .text.BSP_IntHandlerDMA1_CH2
                0x0800a9dc       0x10 BSP\bsp_int.o
                0x0800a9dc                BSP_IntHandlerDMA1_CH2
 .text.BSP_IntHandlerDMA1_CH3
                0x0800a9ec       0x10 BSP\bsp_int.o
                0x0800a9ec                BSP_IntHandlerDMA1_CH3
 .text.BSP_IntHandlerDMA1_CH4
                0x0800a9fc       0x10 BSP\bsp_int.o
                0x0800a9fc                BSP_IntHandlerDMA1_CH4
 .text.BSP_IntHandlerDMA1_CH5
                0x0800aa0c       0x10 BSP\bsp_int.o
                0x0800aa0c                BSP_IntHandlerDMA1_CH5
 .text.BSP_IntHandlerDMA1_CH6
                0x0800aa1c       0x10 BSP\bsp_int.o
                0x0800aa1c                BSP_IntHandlerDMA1_CH6
 .text.BSP_IntHandlerADC
                0x0800aa2c       0x10 BSP\bsp_int.o
                0x0800aa2c                BSP_IntHandlerADC
 .text.BSP_IntHandlerCAN1_TX
                0x0800aa3c       0x10 BSP\bsp_int.o
                0x0800aa3c                BSP_IntHandlerCAN1_TX
 .text.BSP_IntHandlerCAN1_RX0
                0x0800aa4c       0x10 BSP\bsp_int.o
                0x0800aa4c                BSP_IntHandlerCAN1_RX0
 .text.BSP_IntHandlerCAN1_RX1
                0x0800aa5c       0x10 BSP\bsp_int.o
                0x0800aa5c                BSP_IntHandlerCAN1_RX1
 .text.BSP_IntHandlerCAN1_SCE
                0x0800aa6c       0x10 BSP\bsp_int.o
                0x0800aa6c                BSP_IntHandlerCAN1_SCE
 .text.BSP_IntHandlerEXTI9_5
                0x0800aa7c       0x10 BSP\bsp_int.o
                0x0800aa7c                BSP_IntHandlerEXTI9_5
 .text.BSP_IntHandlerTIM1_BRK_TIM9
                0x0800aa8c       0x10 BSP\bsp_int.o
                0x0800aa8c                BSP_IntHandlerTIM1_BRK_TIM9
 .text.BSP_IntHandlerTIM1_UP_TIM10
                0x0800aa9c       0x10 BSP\bsp_int.o
                0x0800aa9c                BSP_IntHandlerTIM1_UP_TIM10
 .text.BSP_IntHandlerTIM1_TRG_COM_TIM11
                0x0800aaac       0x10 BSP\bsp_int.o
                0x0800aaac                BSP_IntHandlerTIM1_TRG_COM_TIM11
 .text.BSP_IntHandlerTIM1_CC
                0x0800aabc       0x10 BSP\bsp_int.o
                0x0800aabc                BSP_IntHandlerTIM1_CC
 .text.BSP_IntHandlerTIM2
                0x0800aacc       0x10 BSP\bsp_int.o
                0x0800aacc                BSP_IntHandlerTIM2
 .text.BSP_IntHandlerTIM3
                0x0800aadc       0x10 BSP\bsp_int.o
                0x0800aadc                BSP_IntHandlerTIM3
 .text.BSP_IntHandlerTIM4
                0x0800aaec       0x10 BSP\bsp_int.o
                0x0800aaec                BSP_IntHandlerTIM4
 .text.BSP_IntHandlerI2C1_EV
                0x0800aafc       0x10 BSP\bsp_int.o
                0x0800aafc                BSP_IntHandlerI2C1_EV
 .text.BSP_IntHandlerI2C1_ER
                0x0800ab0c       0x10 BSP\bsp_int.o
                0x0800ab0c                BSP_IntHandlerI2C1_ER
 .text.BSP_IntHandlerI2C2_EV
                0x0800ab1c       0x10 BSP\bsp_int.o
                0x0800ab1c                BSP_IntHandlerI2C2_EV
 .text.BSP_IntHandlerI2C2_ER
                0x0800ab2c       0x10 BSP\bsp_int.o
                0x0800ab2c                BSP_IntHandlerI2C2_ER
 .text.BSP_IntHandlerSPI1
                0x0800ab3c       0x10 BSP\bsp_int.o
                0x0800ab3c                BSP_IntHandlerSPI1
 .text.BSP_IntHandlerSPI2
                0x0800ab4c       0x10 BSP\bsp_int.o
                0x0800ab4c                BSP_IntHandlerSPI2
 .text.BSP_IntHandlerUSART1
                0x0800ab5c       0x10 BSP\bsp_int.o
                0x0800ab5c                BSP_IntHandlerUSART1
 .text.BSP_IntHandlerUSART2
                0x0800ab6c       0x10 BSP\bsp_int.o
                0x0800ab6c                BSP_IntHandlerUSART2
 .text.BSP_IntHandlerUSART3
                0x0800ab7c       0x10 BSP\bsp_int.o
                0x0800ab7c                BSP_IntHandlerUSART3
 .text.BSP_IntHandlerEXTI15_10
                0x0800ab8c       0x10 BSP\bsp_int.o
                0x0800ab8c                BSP_IntHandlerEXTI15_10
 .text.BSP_IntHandlerRTCAlarm
                0x0800ab9c       0x10 BSP\bsp_int.o
                0x0800ab9c                BSP_IntHandlerRTCAlarm
 .text.BSP_IntHandlerOTG_FS_WKUP
                0x0800abac       0x10 BSP\bsp_int.o
                0x0800abac                BSP_IntHandlerOTG_FS_WKUP
 .text.BSP_IntHandlerTIM8_BRK_TIM12
                0x0800abbc       0x10 BSP\bsp_int.o
                0x0800abbc                BSP_IntHandlerTIM8_BRK_TIM12
 .text.BSP_IntHandlerTIM8_UP_TIM13
                0x0800abcc       0x10 BSP\bsp_int.o
                0x0800abcc                BSP_IntHandlerTIM8_UP_TIM13
 .text.BSP_IntHandlerTIM8_TRG_COM_TIM14
                0x0800abdc       0x10 BSP\bsp_int.o
                0x0800abdc                BSP_IntHandlerTIM8_TRG_COM_TIM14
 .text.BSP_IntHandlerTIM8_CC
                0x0800abec       0x10 BSP\bsp_int.o
                0x0800abec                BSP_IntHandlerTIM8_CC
 .text.BSP_IntHandlerDMA1_STREAM7
                0x0800abfc       0x10 BSP\bsp_int.o
                0x0800abfc                BSP_IntHandlerDMA1_STREAM7
 .text.BSP_IntHandlerFSMC
                0x0800ac0c       0x10 BSP\bsp_int.o
                0x0800ac0c                BSP_IntHandlerFSMC
 .text.BSP_IntHandlerSDIO
                0x0800ac1c       0x10 BSP\bsp_int.o
                0x0800ac1c                BSP_IntHandlerSDIO
 .text.BSP_IntHandlerTIM5
                0x0800ac2c       0x10 BSP\bsp_int.o
                0x0800ac2c                BSP_IntHandlerTIM5
 .text.BSP_IntHandlerSPI3
                0x0800ac3c       0x10 BSP\bsp_int.o
                0x0800ac3c                BSP_IntHandlerSPI3
 .text.BSP_IntHandlerUSART4
                0x0800ac4c       0x10 BSP\bsp_int.o
                0x0800ac4c                BSP_IntHandlerUSART4
 .text.BSP_IntHandlerUSART5
                0x0800ac5c       0x10 BSP\bsp_int.o
                0x0800ac5c                BSP_IntHandlerUSART5
 .text.BSP_IntHandlerTIM6_DAC
                0x0800ac6c       0x10 BSP\bsp_int.o
                0x0800ac6c                BSP_IntHandlerTIM6_DAC
 .text.BSP_IntHandlerTIM7
                0x0800ac7c       0x10 BSP\bsp_int.o
                0x0800ac7c                BSP_IntHandlerTIM7
 .text.BSP_IntHandlerDMA2_CH0
                0x0800ac8c       0x10 BSP\bsp_int.o
                0x0800ac8c                BSP_IntHandlerDMA2_CH0
 .text.BSP_IntHandlerDMA2_CH1
                0x0800ac9c       0x10 BSP\bsp_int.o
                0x0800ac9c                BSP_IntHandlerDMA2_CH1
 .text.BSP_IntHandlerDMA2_CH2
                0x0800acac       0x10 BSP\bsp_int.o
                0x0800acac                BSP_IntHandlerDMA2_CH2
 .text.BSP_IntHandlerDMA2_CH3
                0x0800acbc       0x10 BSP\bsp_int.o
                0x0800acbc                BSP_IntHandlerDMA2_CH3
 .text.BSP_IntHandlerDMA2_CH4
                0x0800accc       0x10 BSP\bsp_int.o
                0x0800accc                BSP_IntHandlerDMA2_CH4
 .text.BSP_IntHandlerETH
                0x0800acdc       0x10 BSP\bsp_int.o
                0x0800acdc                BSP_IntHandlerETH
 .text.BSP_IntHandlerETHWakeup
                0x0800acec       0x10 BSP\bsp_int.o
                0x0800acec                BSP_IntHandlerETHWakeup
 .text.BSP_IntHandlerCAN2_TX
                0x0800acfc       0x10 BSP\bsp_int.o
                0x0800acfc                BSP_IntHandlerCAN2_TX
 .text.BSP_IntHandlerCAN2_RX0
                0x0800ad0c       0x10 BSP\bsp_int.o
                0x0800ad0c                BSP_IntHandlerCAN2_RX0
 .text.BSP_IntHandlerCAN2_RX1
                0x0800ad1c       0x10 BSP\bsp_int.o
                0x0800ad1c                BSP_IntHandlerCAN2_RX1
 .text.BSP_IntHandlerCAN2_SCE
                0x0800ad2c       0x10 BSP\bsp_int.o
                0x0800ad2c                BSP_IntHandlerCAN2_SCE
 .text.BSP_IntHandlerOTG_FS
                0x0800ad3c       0x10 BSP\bsp_int.o
                0x0800ad3c                BSP_IntHandlerOTG_FS
 .text.BSP_IntHandlerDMA2_CH5
                0x0800ad4c       0x10 BSP\bsp_int.o
                0x0800ad4c                BSP_IntHandlerDMA2_CH5
 .text.BSP_IntHandlerDMA2_CH6
                0x0800ad5c       0x10 BSP\bsp_int.o
                0x0800ad5c                BSP_IntHandlerDMA2_CH6
 .text.BSP_IntHandlerDMA2_CH7
                0x0800ad6c       0x10 BSP\bsp_int.o
                0x0800ad6c                BSP_IntHandlerDMA2_CH7
 .text.BSP_IntHandlerUSART6
                0x0800ad7c       0x10 BSP\bsp_int.o
                0x0800ad7c                BSP_IntHandlerUSART6
 .text.BSP_IntHandlerI2C3_EV
                0x0800ad8c       0x10 BSP\bsp_int.o
                0x0800ad8c                BSP_IntHandlerI2C3_EV
 .text.BSP_IntHandlerI2C3_ER
                0x0800ad9c       0x10 BSP\bsp_int.o
                0x0800ad9c                BSP_IntHandlerI2C3_ER
 .text.BSP_IntHandlerOTG_HS_EP1_OUT
                0x0800adac       0x10 BSP\bsp_int.o
                0x0800adac                BSP_IntHandlerOTG_HS_EP1_OUT
 .text.BSP_IntHandlerOTG_HS_EP1_IN
                0x0800adbc       0x10 BSP\bsp_int.o
                0x0800adbc                BSP_IntHandlerOTG_HS_EP1_IN
 .text.BSP_IntHandlerOTG_HS_WKUP
                0x0800adcc       0x10 BSP\bsp_int.o
                0x0800adcc                BSP_IntHandlerOTG_HS_WKUP
 .text.BSP_IntHandlerOTG_HS
                0x0800addc       0x10 BSP\bsp_int.o
                0x0800addc                BSP_IntHandlerOTG_HS
 .text.BSP_IntHandlerDCMI
                0x0800adec       0x10 BSP\bsp_int.o
                0x0800adec                BSP_IntHandlerDCMI
 .text.BSP_IntHandlerCRYP
                0x0800adfc       0x10 BSP\bsp_int.o
                0x0800adfc                BSP_IntHandlerCRYP
 .text.BSP_IntHandlerHASH_RNG
                0x0800ae0c       0x10 BSP\bsp_int.o
                0x0800ae0c                BSP_IntHandlerHASH_RNG
 .text.BSP_IntHandlerFPU
                0x0800ae1c       0x10 BSP\bsp_int.o
                0x0800ae1c                BSP_IntHandlerFPU
 .text.BSP_IntHandler
                0x0800ae2c       0x4c BSP\bsp_int.o
 .text.BSP_IntHandlerDummy
                0x0800ae78        0xc BSP\bsp_int.o
 .text.BSP_Init
                0x0800ae84       0x90 BSP\bsp.o
                0x0800ae84                BSP_Init
 .text.BSP_CPU_ClkFreq
                0x0800af14       0x1c BSP\bsp.o
                0x0800af14                BSP_CPU_ClkFreq
 .text.BSP_Tick_Init
                0x0800af30       0x30 BSP\bsp.o
                0x0800af30                BSP_Tick_Init
 .text.BSP_LED_Init
                0x0800af60       0x80 BSP\bsp.o
 .text.BSP_LED_Off
                0x0800afe0       0xb0 BSP\bsp.o
                0x0800afe0                BSP_LED_Off
 .text.BSP_LED_Toggle
                0x0800b090      0x264 BSP\bsp.o
                0x0800b090                BSP_LED_Toggle
 .text.CPU_TS_TmrInit
                0x0800b2f4       0x5c BSP\bsp.o
                0x0800b2f4                CPU_TS_TmrInit
 .text.CPU_TS_TmrRd
                0x0800b350       0x20 BSP\bsp.o
                0x0800b350                CPU_TS_TmrRd
 .text.Reset_Handler
                0x0800b370       0x44 BSP\TrueSTUDIO\cstartup.o
                0x0800b370                Reset_Handler
 .text.App_NMI_ISR
                0x0800b3b4        0x2 BSP\TrueSTUDIO\cstartup.o
 .text.App_Fault_ISR
                0x0800b3b6        0x2 BSP\TrueSTUDIO\cstartup.o
 .text.App_MemFault_ISR
                0x0800b3b8        0x2 BSP\TrueSTUDIO\cstartup.o
 .text.App_BusFault_ISR
                0x0800b3ba        0x2 BSP\TrueSTUDIO\cstartup.o
 .text.App_UsageFault_ISR
                0x0800b3bc        0x2 BSP\TrueSTUDIO\cstartup.o
 .text.App_Spurious_ISR
                0x0800b3be        0x2 BSP\TrueSTUDIO\cstartup.o
 .text.RCC_DeInit
                0x0800b3c0       0x84 BSP\ST\STM32F4xx\src\stm32f4xx_rcc.o
                0x0800b3c0                RCC_DeInit
 .text.RCC_HSEConfig
                0x0800b444       0x30 BSP\ST\STM32F4xx\src\stm32f4xx_rcc.o
                0x0800b444                RCC_HSEConfig
 .text.RCC_WaitForHSEStartUp
                0x0800b474       0x64 BSP\ST\STM32F4xx\src\stm32f4xx_rcc.o
                0x0800b474                RCC_WaitForHSEStartUp
 .text.RCC_PLLConfig
                0x0800b4d8       0x48 BSP\ST\STM32F4xx\src\stm32f4xx_rcc.o
                0x0800b4d8                RCC_PLLConfig
 .text.RCC_PLLCmd
                0x0800b520       0x20 BSP\ST\STM32F4xx\src\stm32f4xx_rcc.o
                0x0800b520                RCC_PLLCmd
 .text.RCC_SYSCLKConfig
                0x0800b540       0x40 BSP\ST\STM32F4xx\src\stm32f4xx_rcc.o
                0x0800b540                RCC_SYSCLKConfig
 .text.RCC_GetSYSCLKSource
                0x0800b580       0x20 BSP\ST\STM32F4xx\src\stm32f4xx_rcc.o
                0x0800b580                RCC_GetSYSCLKSource
 .text.RCC_HCLKConfig
                0x0800b5a0       0x40 BSP\ST\STM32F4xx\src\stm32f4xx_rcc.o
                0x0800b5a0                RCC_HCLKConfig
 .text.RCC_PCLK1Config
                0x0800b5e0       0x40 BSP\ST\STM32F4xx\src\stm32f4xx_rcc.o
                0x0800b5e0                RCC_PCLK1Config
 .text.RCC_PCLK2Config
                0x0800b620       0x44 BSP\ST\STM32F4xx\src\stm32f4xx_rcc.o
                0x0800b620                RCC_PCLK2Config
 .text.RCC_GetClocksFreq
                0x0800b664      0x1d0 BSP\ST\STM32F4xx\src\stm32f4xx_rcc.o
                0x0800b664                RCC_GetClocksFreq
 .text.RCC_GetFlagStatus
                0x0800b834       0x90 BSP\ST\STM32F4xx\src\stm32f4xx_rcc.o
                0x0800b834                RCC_GetFlagStatus
 .text.GPIO_Init
                0x0800b8c4      0x154 BSP\ST\STM32F4xx\src\stm32f4xx_gpio.o
                0x0800b8c4                GPIO_Init
 .text.GPIO_ReadOutputData
                0x0800ba18       0x1c BSP\ST\STM32F4xx\src\stm32f4xx_gpio.o
                0x0800ba18                GPIO_ReadOutputData
 .text.GPIO_SetBits
                0x0800ba34       0x1c BSP\ST\STM32F4xx\src\stm32f4xx_gpio.o
                0x0800ba34                GPIO_SetBits
 .text.GPIO_ResetBits
                0x0800ba50       0x1c BSP\ST\STM32F4xx\src\stm32f4xx_gpio.o
                0x0800ba50                GPIO_ResetBits
 .text.GPIO_PinAFConfig
                0x0800ba6c       0xac BSP\ST\STM32F4xx\src\stm32f4xx_gpio.o
                0x0800ba6c                GPIO_PinAFConfig
 .text.FLASH_SetLatency
                0x0800bb18       0x20 BSP\ST\STM32F4xx\src\stm32f4xx_flash.o
                0x0800bb18                FLASH_SetLatency
 .text.FLASH_PrefetchBufferCmd
                0x0800bb38       0x4c BSP\ST\STM32F4xx\src\stm32f4xx_flash.o
                0x0800bb38                FLASH_PrefetchBufferCmd
 .text.App_SerialInit
                0x0800bb84       0xe8 APP\app_serial.o
                0x0800bb84                App_SerialInit
 .text.App_SerPrintf
                0x0800bc6c       0x5c APP\app_serial.o
                0x0800bc6c                App_SerPrintf
 .text.main     0x0800bcc8       0x8c APP\app.o
                0x0800bcc8                main
 .text.AppTaskStart
                0x0800bd54       0x7c APP\app.o
 .text.AppTaskCreate
                0x0800bdd0        0xc APP\app.o
 .text.AppObjCreate
                0x0800bddc        0xc APP\app.o
 .text.abort    0x0800bde8        0xe c:/program files (x86)/atollic/truestudio for arm pro 3.2.0/armtools/bin/../lib/gcc/arm-atollic-eabi/4.6.2/../../../../arm-atollic-eabi/lib/thumb/softfp/armv7e-m/fpv4-sp-d16\libc.a(lib_a-abort.o)
                0x0800bde8                abort
 *fill*         0x0800bdf6        0x2 00
 .text.__libc_init_array
                0x0800bdf8       0x48 c:/program files (x86)/atollic/truestudio for arm pro 3.2.0/armtools/bin/../lib/gcc/arm-atollic-eabi/4.6.2/../../../../arm-atollic-eabi/lib/thumb/softfp/armv7e-m/fpv4-sp-d16\libc.a(lib_a-init.o)
                0x0800bdf8                __libc_init_array
 .text.memcpy   0x0800be40       0x12 c:/program files (x86)/atollic/truestudio for arm pro 3.2.0/armtools/bin/../lib/gcc/arm-atollic-eabi/4.6.2/../../../../arm-atollic-eabi/lib/thumb/softfp/armv7e-m/fpv4-sp-d16\libc.a(lib_a-memcpy.o)
                0x0800be40                memcpy
 .text._raise_r
                0x0800be52       0x54 c:/program files (x86)/atollic/truestudio for arm pro 3.2.0/armtools/bin/../lib/gcc/arm-atollic-eabi/4.6.2/../../../../arm-atollic-eabi/lib/thumb/softfp/armv7e-m/fpv4-sp-d16\libc.a(lib_a-signal.o)
                0x0800be52                _raise_r
 *fill*         0x0800bea6        0x2 00
 .text.raise    0x0800bea8       0x10 c:/program files (x86)/atollic/truestudio for arm pro 3.2.0/armtools/bin/../lib/gcc/arm-atollic-eabi/4.6.2/../../../../arm-atollic-eabi/lib/thumb/softfp/armv7e-m/fpv4-sp-d16\libc.a(lib_a-signal.o)
                0x0800bea8                raise
 .text._kill_r  0x0800beb8       0x24 c:/program files (x86)/atollic/truestudio for arm pro 3.2.0/armtools/bin/../lib/gcc/arm-atollic-eabi/4.6.2/../../../../arm-atollic-eabi/lib/thumb/softfp/armv7e-m/fpv4-sp-d16\libc.a(lib_a-signalr.o)
                0x0800beb8                _kill_r
 .text._getpid_r
                0x0800bedc        0x4 c:/program files (x86)/atollic/truestudio for arm pro 3.2.0/armtools/bin/../lib/gcc/arm-atollic-eabi/4.6.2/../../../../arm-atollic-eabi/lib/thumb/softfp/armv7e-m/fpv4-sp-d16\libc.a(lib_a-signalr.o)
                0x0800bedc                _getpid_r
 .text._getpid  0x0800bee0        0x4 c:/program files (x86)/atollic/truestudio for arm pro 3.2.0/armtools/bin/../lib/gcc/arm-atollic-eabi/4.6.2/../../../../arm-atollic-eabi/lib/thumb/softfp/armv7e-m/fpv4-sp-d16\libc.a(lib_a-syscalls.o)
                0x0800bee0                _getpid
 .text._kill    0x0800bee4       0x10 c:/program files (x86)/atollic/truestudio for arm pro 3.2.0/armtools/bin/../lib/gcc/arm-atollic-eabi/4.6.2/../../../../arm-atollic-eabi/lib/thumb/softfp/armv7e-m/fpv4-sp-d16\libc.a(lib_a-syscalls.o)
                0x0800bee4                _kill
 .text._exit    0x0800bef4        0xc c:/program files (x86)/atollic/truestudio for arm pro 3.2.0/armtools/bin/../lib/gcc/arm-atollic-eabi/4.6.2/../../../../arm-atollic-eabi/lib/thumb/softfp/armv7e-m/fpv4-sp-d16\libc.a(lib_a-syscalls.o)
                0x0800bef4                _exit
 .text._sbrk    0x0800bf00       0x34 c:/program files (x86)/atollic/truestudio for arm pro 3.2.0/armtools/bin/../lib/gcc/arm-atollic-eabi/4.6.2/../../../../arm-atollic-eabi/lib/thumb/softfp/armv7e-m/fpv4-sp-d16\libc.a(lib_a-syscalls.o)
                0x0800bf00                _sbrk
 .text._vsprintf_r
                0x0800bf34       0x30 c:/program files (x86)/atollic/truestudio for arm pro 3.2.0/armtools/bin/../lib/gcc/arm-atollic-eabi/4.6.2/../../../../arm-atollic-eabi/lib/thumb/softfp/armv7e-m/fpv4-sp-d16\libc.a(lib_a-vsprintf.o)
                0x0800bf34                _vsprintf_r
 .text.vsprintf
                0x0800bf64       0x1c c:/program files (x86)/atollic/truestudio for arm pro 3.2.0/armtools/bin/../lib/gcc/arm-atollic-eabi/4.6.2/../../../../arm-atollic-eabi/lib/thumb/softfp/armv7e-m/fpv4-sp-d16\libc.a(lib_a-vsprintf.o)
                0x0800bf64                vsprintf
 .text._malloc_r
                0x0800bf80      0x3f8 c:/program files (x86)/atollic/truestudio for arm pro 3.2.0/armtools/bin/../lib/gcc/arm-atollic-eabi/4.6.2/../../../../arm-atollic-eabi/lib/thumb/softfp/armv7e-m/fpv4-sp-d16\libc.a(lib_a-mallocr.o)
                0x0800bf80                _malloc_r
 .text.__malloc_lock
                0x0800c378        0x2 c:/program files (x86)/atollic/truestudio for arm pro 3.2.0/armtools/bin/../lib/gcc/arm-atollic-eabi/4.6.2/../../../../arm-atollic-eabi/lib/thumb/softfp/armv7e-m/fpv4-sp-d16\libc.a(lib_a-mlock.o)
                0x0800c378                __malloc_lock
 .text.__malloc_unlock
                0x0800c37a        0x2 c:/program files (x86)/atollic/truestudio for arm pro 3.2.0/armtools/bin/../lib/gcc/arm-atollic-eabi/4.6.2/../../../../arm-atollic-eabi/lib/thumb/softfp/armv7e-m/fpv4-sp-d16\libc.a(lib_a-mlock.o)
                0x0800c37a                __malloc_unlock
 .text._sbrk_r  0x0800c37c       0x20 c:/program files (x86)/atollic/truestudio for arm pro 3.2.0/armtools/bin/../lib/gcc/arm-atollic-eabi/4.6.2/../../../../arm-atollic-eabi/lib/thumb/softfp/armv7e-m/fpv4-sp-d16\libc.a(lib_a-sbrkr.o)
                0x0800c37c                _sbrk_r
 .text._svfprintf_r
                0x0800c39c     0x1030 c:/program files (x86)/atollic/truestudio for arm pro 3.2.0/armtools/bin/../lib/gcc/arm-atollic-eabi/4.6.2/../../../../arm-atollic-eabi/lib/thumb/softfp/armv7e-m/fpv4-sp-d16\libc.a(lib_a-svfprintf.o)
                0x0800c39c                _svfprintf_r
 .text.quorem   0x0800d3cc      0x10e c:/program files (x86)/atollic/truestudio for arm pro 3.2.0/armtools/bin/../lib/gcc/arm-atollic-eabi/4.6.2/../../../../arm-atollic-eabi/lib/thumb/softfp/armv7e-m/fpv4-sp-d16\libc.a(lib_a-dtoa.o)
 *fill*         0x0800d4da        0x6 00
 .text._dtoa_r  0x0800d4e0      0xb58 c:/program files (x86)/atollic/truestudio for arm pro 3.2.0/armtools/bin/../lib/gcc/arm-atollic-eabi/4.6.2/../../../../arm-atollic-eabi/lib/thumb/softfp/armv7e-m/fpv4-sp-d16\libc.a(lib_a-dtoa.o)
                0x0800d4e0                _dtoa_r
 .text._malloc_trim_r
                0x0800e038       0xa8 c:/program files (x86)/atollic/truestudio for arm pro 3.2.0/armtools/bin/../lib/gcc/arm-atollic-eabi/4.6.2/../../../../arm-atollic-eabi/lib/thumb/softfp/armv7e-m/fpv4-sp-d16\libc.a(lib_a-freer.o)
                0x0800e038                _malloc_trim_r
 .text._free_r  0x0800e0e0      0x16c c:/program files (x86)/atollic/truestudio for arm pro 3.2.0/armtools/bin/../lib/gcc/arm-atollic-eabi/4.6.2/../../../../arm-atollic-eabi/lib/thumb/softfp/armv7e-m/fpv4-sp-d16\libc.a(lib_a-freer.o)
                0x0800e0e0                _free_r
 .text._localeconv_r
                0x0800e24c        0x8 c:/program files (x86)/atollic/truestudio for arm pro 3.2.0/armtools/bin/../lib/gcc/arm-atollic-eabi/4.6.2/../../../../arm-atollic-eabi/lib/thumb/softfp/armv7e-m/fpv4-sp-d16\libc.a(lib_a-locale.o)
                0x0800e24c                _localeconv_r
 .text.malloc   0x0800e254       0x10 c:/program files (x86)/atollic/truestudio for arm pro 3.2.0/armtools/bin/../lib/gcc/arm-atollic-eabi/4.6.2/../../../../arm-atollic-eabi/lib/thumb/softfp/armv7e-m/fpv4-sp-d16\libc.a(lib_a-malloc.o)
                0x0800e254                malloc
 .text.memchr   0x0800e264       0x1c c:/program files (x86)/atollic/truestudio for arm pro 3.2.0/armtools/bin/../lib/gcc/arm-atollic-eabi/4.6.2/../../../../arm-atollic-eabi/lib/thumb/softfp/armv7e-m/fpv4-sp-d16\libc.a(lib_a-memchr.o)
                0x0800e264                memchr
 .text._Balloc  0x0800e280       0x62 c:/program files (x86)/atollic/truestudio for arm pro 3.2.0/armtools/bin/../lib/gcc/arm-atollic-eabi/4.6.2/../../../../arm-atollic-eabi/lib/thumb/softfp/armv7e-m/fpv4-sp-d16\libc.a(lib_a-mprec.o)
                0x0800e280                _Balloc
 .text._Bfree   0x0800e2e2       0x2e c:/program files (x86)/atollic/truestudio for arm pro 3.2.0/armtools/bin/../lib/gcc/arm-atollic-eabi/4.6.2/../../../../arm-atollic-eabi/lib/thumb/softfp/armv7e-m/fpv4-sp-d16\libc.a(lib_a-mprec.o)
                0x0800e2e2                _Bfree
 .text.__multadd
                0x0800e310       0x78 c:/program files (x86)/atollic/truestudio for arm pro 3.2.0/armtools/bin/../lib/gcc/arm-atollic-eabi/4.6.2/../../../../arm-atollic-eabi/lib/thumb/softfp/armv7e-m/fpv4-sp-d16\libc.a(lib_a-mprec.o)
                0x0800e310                __multadd
 .text.__hi0bits
                0x0800e388       0x3e c:/program files (x86)/atollic/truestudio for arm pro 3.2.0/armtools/bin/../lib/gcc/arm-atollic-eabi/4.6.2/../../../../arm-atollic-eabi/lib/thumb/softfp/armv7e-m/fpv4-sp-d16\libc.a(lib_a-mprec.o)
                0x0800e388                __hi0bits
 .text.__lo0bits
                0x0800e3c6       0x5a c:/program files (x86)/atollic/truestudio for arm pro 3.2.0/armtools/bin/../lib/gcc/arm-atollic-eabi/4.6.2/../../../../arm-atollic-eabi/lib/thumb/softfp/armv7e-m/fpv4-sp-d16\libc.a(lib_a-mprec.o)
                0x0800e3c6                __lo0bits
 .text.__i2b    0x0800e420       0x12 c:/program files (x86)/atollic/truestudio for arm pro 3.2.0/armtools/bin/../lib/gcc/arm-atollic-eabi/4.6.2/../../../../arm-atollic-eabi/lib/thumb/softfp/armv7e-m/fpv4-sp-d16\libc.a(lib_a-mprec.o)
                0x0800e420                __i2b
 .text.__multiply
                0x0800e432      0x126 c:/program files (x86)/atollic/truestudio for arm pro 3.2.0/armtools/bin/../lib/gcc/arm-atollic-eabi/4.6.2/../../../../arm-atollic-eabi/lib/thumb/softfp/armv7e-m/fpv4-sp-d16\libc.a(lib_a-mprec.o)
                0x0800e432                __multiply
 .text.__pow5mult
                0x0800e558       0xa0 c:/program files (x86)/atollic/truestudio for arm pro 3.2.0/armtools/bin/../lib/gcc/arm-atollic-eabi/4.6.2/../../../../arm-atollic-eabi/lib/thumb/softfp/armv7e-m/fpv4-sp-d16\libc.a(lib_a-mprec.o)
                0x0800e558                __pow5mult
 .text.__lshift
                0x0800e5f8       0xae c:/program files (x86)/atollic/truestudio for arm pro 3.2.0/armtools/bin/../lib/gcc/arm-atollic-eabi/4.6.2/../../../../arm-atollic-eabi/lib/thumb/softfp/armv7e-m/fpv4-sp-d16\libc.a(lib_a-mprec.o)
                0x0800e5f8                __lshift
 .text.__mcmp   0x0800e6a6       0x3e c:/program files (x86)/atollic/truestudio for arm pro 3.2.0/armtools/bin/../lib/gcc/arm-atollic-eabi/4.6.2/../../../../arm-atollic-eabi/lib/thumb/softfp/armv7e-m/fpv4-sp-d16\libc.a(lib_a-mprec.o)
                0x0800e6a6                __mcmp
 .text.__mdiff  0x0800e6e4       0xc6 c:/program files (x86)/atollic/truestudio for arm pro 3.2.0/armtools/bin/../lib/gcc/arm-atollic-eabi/4.6.2/../../../../arm-atollic-eabi/lib/thumb/softfp/armv7e-m/fpv4-sp-d16\libc.a(lib_a-mprec.o)
                0x0800e6e4                __mdiff
 .text.__d2b    0x0800e7aa       0xbc c:/program files (x86)/atollic/truestudio for arm pro 3.2.0/armtools/bin/../lib/gcc/arm-atollic-eabi/4.6.2/../../../../arm-atollic-eabi/lib/thumb/softfp/armv7e-m/fpv4-sp-d16\libc.a(lib_a-mprec.o)
                0x0800e7aa                __d2b
 *fill*         0x0800e866        0x2 00
 .text.__fpclassifyd
                0x0800e868       0x64 c:/program files (x86)/atollic/truestudio for arm pro 3.2.0/armtools/bin/../lib/gcc/arm-atollic-eabi/4.6.2/../../../../arm-atollic-eabi/lib/thumb/softfp/armv7e-m/fpv4-sp-d16\libc.a(lib_a-s_fpclassify.o)
                0x0800e868                __fpclassifyd
 .text.strlen   0x0800e8cc       0x10 c:/program files (x86)/atollic/truestudio for arm pro 3.2.0/armtools/bin/../lib/gcc/arm-atollic-eabi/4.6.2/../../../../arm-atollic-eabi/lib/thumb/softfp/armv7e-m/fpv4-sp-d16\libc.a(lib_a-strlen.o)
                0x0800e8cc                strlen
 .text.__ssprint_r
                0x0800e8dc       0xf2 c:/program files (x86)/atollic/truestudio for arm pro 3.2.0/armtools/bin/../lib/gcc/arm-atollic-eabi/4.6.2/../../../../arm-atollic-eabi/lib/thumb/softfp/armv7e-m/fpv4-sp-d16\libc.a(lib_a-svfiprintf.o)
                0x0800e8dc                __ssprint_r
 .text._calloc_r
                0x0800e9ce       0x5a c:/program files (x86)/atollic/truestudio for arm pro 3.2.0/armtools/bin/../lib/gcc/arm-atollic-eabi/4.6.2/../../../../arm-atollic-eabi/lib/thumb/softfp/armv7e-m/fpv4-sp-d16\libc.a(lib_a-callocr.o)
                0x0800e9ce                _calloc_r
 .text.memmove  0x0800ea28       0x3a c:/program files (x86)/atollic/truestudio for arm pro 3.2.0/armtools/bin/../lib/gcc/arm-atollic-eabi/4.6.2/../../../../arm-atollic-eabi/lib/thumb/softfp/armv7e-m/fpv4-sp-d16\libc.a(lib_a-memmove.o)
                0x0800ea28                memmove
 .text.memset   0x0800ea62        0xe c:/program files (x86)/atollic/truestudio for arm pro 3.2.0/armtools/bin/../lib/gcc/arm-atollic-eabi/4.6.2/../../../../arm-atollic-eabi/lib/thumb/softfp/armv7e-m/fpv4-sp-d16\libc.a(lib_a-memset.o)
                0x0800ea62                memset
 .text._realloc_r
                0x0800ea70      0x2dc c:/program files (x86)/atollic/truestudio for arm pro 3.2.0/armtools/bin/../lib/gcc/arm-atollic-eabi/4.6.2/../../../../arm-atollic-eabi/lib/thumb/softfp/armv7e-m/fpv4-sp-d16\libc.a(lib_a-reallocr.o)
                0x0800ea70                _realloc_r
 *(.rodata)
 .rodata        0x0800ed4c       0x20 uCOS-III\Source\os_tmr.o
 .rodata        0x0800ed6c       0x14 uCOS-III\Source\os_tick.o
 .rodata        0x0800ed80        0xc uCOS-III\Source\os_task.o
 .rodata        0x0800ed8c       0x14 uCOS-III\Source\os_stat.o
 .rodata        0x0800eda0        0xc uCOS-III\Source\os_sem.o
 .rodata        0x0800edac       0x2c uCOS-III\Source\os_core.o
 .rodata        0x0800edd8        0xc APP\app_serial.o
 .rodata        0x0800ede4       0x58 APP\app.o
 *(.rodata*)
 .rodata.OSDbg_DbgEn
                0x0800ee3c        0x1 uCOS-III\Source\os_dbg.o
                0x0800ee3c                OSDbg_DbgEn
 .rodata.OSDbg_ArgChkEn
                0x0800ee3d        0x1 uCOS-III\Source\os_dbg.o
                0x0800ee3d                OSDbg_ArgChkEn
 .rodata.OSDbg_AppHooksEn
                0x0800ee3e        0x1 uCOS-III\Source\os_dbg.o
                0x0800ee3e                OSDbg_AppHooksEn
 *fill*         0x0800ee3f        0x1 00
 .rodata.OSDbg_EndiannessTest
                0x0800ee40        0x4 uCOS-III\Source\os_dbg.o
                0x0800ee40                OSDbg_EndiannessTest
 .rodata.OSDbg_CalledFromISRChkEn
                0x0800ee44        0x1 uCOS-III\Source\os_dbg.o
                0x0800ee44                OSDbg_CalledFromISRChkEn
 .rodata.OSDbg_FlagEn
                0x0800ee45        0x1 uCOS-III\Source\os_dbg.o
                0x0800ee45                OSDbg_FlagEn
 *fill*         0x0800ee46        0x2 00
 .rodata.OSDbg_FlagGrp
                0x0800ee48       0x28 uCOS-III\Source\os_dbg.o
                0x0800ee48                OSDbg_FlagGrp
 .rodata.OSDbg_FlagDelEn
                0x0800ee70        0x1 uCOS-III\Source\os_dbg.o
                0x0800ee70                OSDbg_FlagDelEn
 .rodata.OSDbg_FlagModeClrEn
                0x0800ee71        0x1 uCOS-III\Source\os_dbg.o
                0x0800ee71                OSDbg_FlagModeClrEn
 .rodata.OSDbg_FlagPendAbortEn
                0x0800ee72        0x1 uCOS-III\Source\os_dbg.o
                0x0800ee72                OSDbg_FlagPendAbortEn
 *fill*         0x0800ee73        0x1 00
 .rodata.OSDbg_FlagGrpSize
                0x0800ee74        0x2 uCOS-III\Source\os_dbg.o
                0x0800ee74                OSDbg_FlagGrpSize
 .rodata.OSDbg_FlagWidth
                0x0800ee76        0x2 uCOS-III\Source\os_dbg.o
                0x0800ee76                OSDbg_FlagWidth
 .rodata.OSDbg_ISRPostDeferredEn
                0x0800ee78        0x1 uCOS-III\Source\os_dbg.o
                0x0800ee78                OSDbg_ISRPostDeferredEn
 *fill*         0x0800ee79        0x3 00
 .rodata.OSDbg_Mem
                0x0800ee7c       0x20 uCOS-III\Source\os_dbg.o
                0x0800ee7c                OSDbg_Mem
 .rodata.OSDbg_MemEn
                0x0800ee9c        0x1 uCOS-III\Source\os_dbg.o
                0x0800ee9c                OSDbg_MemEn
 *fill*         0x0800ee9d        0x1 00
 .rodata.OSDbg_MemSize
                0x0800ee9e        0x2 uCOS-III\Source\os_dbg.o
                0x0800ee9e                OSDbg_MemSize
 .rodata.OSDbg_MsgEn
                0x0800eea0        0x1 uCOS-III\Source\os_dbg.o
                0x0800eea0                OSDbg_MsgEn
 *fill*         0x0800eea1        0x1 00
 .rodata.OSDbg_MsgSize
                0x0800eea2        0x2 uCOS-III\Source\os_dbg.o
                0x0800eea2                OSDbg_MsgSize
 .rodata.OSDbg_MsgPoolSize
                0x0800eea4        0x2 uCOS-III\Source\os_dbg.o
                0x0800eea4                OSDbg_MsgPoolSize
 .rodata.OSDbg_MsgQSize
                0x0800eea6        0x2 uCOS-III\Source\os_dbg.o
                0x0800eea6                OSDbg_MsgQSize
 .rodata.OSDbg_Mutex
                0x0800eea8       0x2c uCOS-III\Source\os_dbg.o
                0x0800eea8                OSDbg_Mutex
 .rodata.OSDbg_MutexEn
                0x0800eed4        0x1 uCOS-III\Source\os_dbg.o
                0x0800eed4                OSDbg_MutexEn
 .rodata.OSDbg_MutexDelEn
                0x0800eed5        0x1 uCOS-III\Source\os_dbg.o
                0x0800eed5                OSDbg_MutexDelEn
 .rodata.OSDbg_MutexPendAbortEn
                0x0800eed6        0x1 uCOS-III\Source\os_dbg.o
                0x0800eed6                OSDbg_MutexPendAbortEn
 *fill*         0x0800eed7        0x1 00
 .rodata.OSDbg_MutexSize
                0x0800eed8        0x2 uCOS-III\Source\os_dbg.o
                0x0800eed8                OSDbg_MutexSize
 .rodata.OSDbg_ObjTypeChkEn
                0x0800eeda        0x1 uCOS-III\Source\os_dbg.o
                0x0800eeda                OSDbg_ObjTypeChkEn
 .rodata.OSDbg_PendMultiEn
                0x0800eedb        0x1 uCOS-III\Source\os_dbg.o
                0x0800eedb                OSDbg_PendMultiEn
 .rodata.OSDbg_PendDataSize
                0x0800eedc        0x2 uCOS-III\Source\os_dbg.o
                0x0800eedc                OSDbg_PendDataSize
 .rodata.OSDbg_PendListSize
                0x0800eede        0x2 uCOS-III\Source\os_dbg.o
                0x0800eede                OSDbg_PendListSize
 .rodata.OSDbg_PendObjSize
                0x0800eee0        0x2 uCOS-III\Source\os_dbg.o
                0x0800eee0                OSDbg_PendObjSize
 .rodata.OSDbg_PrioMax
                0x0800eee2        0x2 uCOS-III\Source\os_dbg.o
                0x0800eee2                OSDbg_PrioMax
 .rodata.OSDbg_PrioTblSize
                0x0800eee4        0x2 uCOS-III\Source\os_dbg.o
                0x0800eee4                OSDbg_PrioTblSize
 .rodata.OSDbg_PtrSize
                0x0800eee6        0x2 uCOS-III\Source\os_dbg.o
                0x0800eee6                OSDbg_PtrSize
 .rodata.OSDbg_Q
                0x0800eee8       0x30 uCOS-III\Source\os_dbg.o
                0x0800eee8                OSDbg_Q
 .rodata.OSDbg_QEn
                0x0800ef18        0x1 uCOS-III\Source\os_dbg.o
                0x0800ef18                OSDbg_QEn
 .rodata.OSDbg_QDelEn
                0x0800ef19        0x1 uCOS-III\Source\os_dbg.o
                0x0800ef19                OSDbg_QDelEn
 .rodata.OSDbg_QFlushEn
                0x0800ef1a        0x1 uCOS-III\Source\os_dbg.o
                0x0800ef1a                OSDbg_QFlushEn
 .rodata.OSDbg_QPendAbortEn
                0x0800ef1b        0x1 uCOS-III\Source\os_dbg.o
                0x0800ef1b                OSDbg_QPendAbortEn
 .rodata.OSDbg_QSize
                0x0800ef1c        0x2 uCOS-III\Source\os_dbg.o
                0x0800ef1c                OSDbg_QSize
 .rodata.OSDbg_SchedRoundRobinEn
                0x0800ef1e        0x1 uCOS-III\Source\os_dbg.o
                0x0800ef1e                OSDbg_SchedRoundRobinEn
 *fill*         0x0800ef1f        0x1 00
 .rodata.OSDbg_Sem
                0x0800ef20       0x28 uCOS-III\Source\os_dbg.o
                0x0800ef20                OSDbg_Sem
 .rodata.OSDbg_SemEn
                0x0800ef48        0x1 uCOS-III\Source\os_dbg.o
                0x0800ef48                OSDbg_SemEn
 .rodata.OSDbg_SemDelEn
                0x0800ef49        0x1 uCOS-III\Source\os_dbg.o
                0x0800ef49                OSDbg_SemDelEn
 .rodata.OSDbg_SemPendAbortEn
                0x0800ef4a        0x1 uCOS-III\Source\os_dbg.o
                0x0800ef4a                OSDbg_SemPendAbortEn
 .rodata.OSDbg_SemSetEn
                0x0800ef4b        0x1 uCOS-III\Source\os_dbg.o
                0x0800ef4b                OSDbg_SemSetEn
 .rodata.OSDbg_SemSize
                0x0800ef4c        0x2 uCOS-III\Source\os_dbg.o
                0x0800ef4c                OSDbg_SemSize
 .rodata.OSDbg_RdyList
                0x0800ef4e        0x2 uCOS-III\Source\os_dbg.o
                0x0800ef4e                OSDbg_RdyList
 .rodata.OSDbg_RdyListSize
                0x0800ef50        0x4 uCOS-III\Source\os_dbg.o
                0x0800ef50                OSDbg_RdyListSize
 .rodata.OSDbg_StkWidth
                0x0800ef54        0x1 uCOS-III\Source\os_dbg.o
                0x0800ef54                OSDbg_StkWidth
 .rodata.OSDbg_StatTaskEn
                0x0800ef55        0x1 uCOS-III\Source\os_dbg.o
                0x0800ef55                OSDbg_StatTaskEn
 .rodata.OSDbg_StatTaskStkChkEn
                0x0800ef56        0x1 uCOS-III\Source\os_dbg.o
                0x0800ef56                OSDbg_StatTaskStkChkEn
 .rodata.OSDbg_TaskChangePrioEn
                0x0800ef57        0x1 uCOS-III\Source\os_dbg.o
                0x0800ef57                OSDbg_TaskChangePrioEn
 .rodata.OSDbg_TaskDelEn
                0x0800ef58        0x1 uCOS-III\Source\os_dbg.o
                0x0800ef58                OSDbg_TaskDelEn
 .rodata.OSDbg_TaskQEn
                0x0800ef59        0x1 uCOS-III\Source\os_dbg.o
                0x0800ef59                OSDbg_TaskQEn
 .rodata.OSDbg_TaskQPendAbortEn
                0x0800ef5a        0x1 uCOS-III\Source\os_dbg.o
                0x0800ef5a                OSDbg_TaskQPendAbortEn
 .rodata.OSDbg_TaskProfileEn
                0x0800ef5b        0x1 uCOS-III\Source\os_dbg.o
                0x0800ef5b                OSDbg_TaskProfileEn
 .rodata.OSDbg_TaskRegTblSize
                0x0800ef5c        0x2 uCOS-III\Source\os_dbg.o
                0x0800ef5c                OSDbg_TaskRegTblSize
 .rodata.OSDbg_TaskSemPendAbortEn
                0x0800ef5e        0x1 uCOS-III\Source\os_dbg.o
                0x0800ef5e                OSDbg_TaskSemPendAbortEn
 .rodata.OSDbg_TaskSuspendEn
                0x0800ef5f        0x1 uCOS-III\Source\os_dbg.o
                0x0800ef5f                OSDbg_TaskSuspendEn
 .rodata.OSDbg_TCBSize
                0x0800ef60        0x2 uCOS-III\Source\os_dbg.o
                0x0800ef60                OSDbg_TCBSize
 .rodata.OSDbg_TickSpokeSize
                0x0800ef62        0x2 uCOS-III\Source\os_dbg.o
                0x0800ef62                OSDbg_TickSpokeSize
 .rodata.OSDbg_TimeDlyHMSMEn
                0x0800ef64        0x1 uCOS-III\Source\os_dbg.o
                0x0800ef64                OSDbg_TimeDlyHMSMEn
 .rodata.OSDbg_TimeDlyResumeEn
                0x0800ef65        0x1 uCOS-III\Source\os_dbg.o
                0x0800ef65                OSDbg_TimeDlyResumeEn
 *fill*         0x0800ef66        0x2 00
 .rodata.OSDbg_Tmr
                0x0800ef68       0x34 uCOS-III\Source\os_dbg.o
                0x0800ef68                OSDbg_Tmr
 .rodata.OSDbg_TmrEn
                0x0800ef9c        0x1 uCOS-III\Source\os_dbg.o
                0x0800ef9c                OSDbg_TmrEn
 .rodata.OSDbg_TmrDelEn
                0x0800ef9d        0x1 uCOS-III\Source\os_dbg.o
                0x0800ef9d                OSDbg_TmrDelEn
 .rodata.OSDbg_TmrSize
                0x0800ef9e        0x2 uCOS-III\Source\os_dbg.o
                0x0800ef9e                OSDbg_TmrSize
 .rodata.OSDbg_TmrSpokeSize
                0x0800efa0        0x2 uCOS-III\Source\os_dbg.o
                0x0800efa0                OSDbg_TmrSpokeSize
 .rodata.OSDbg_VersionNbr
                0x0800efa2        0x2 uCOS-III\Source\os_dbg.o
                0x0800efa2                OSDbg_VersionNbr
 .rodata.OSDbg_DataSize
                0x0800efa4        0x4 uCOS-III\Source\os_dbg.o
                0x0800efa4                OSDbg_DataSize
 .rodata.OSCfg_IdleTaskStkBasePtr
                0x0800efa8        0x4 uCOS-III\Source\os_cfg_app.o
                0x0800efa8                OSCfg_IdleTaskStkBasePtr
 .rodata.OSCfg_IdleTaskStkLimit
                0x0800efac        0x4 uCOS-III\Source\os_cfg_app.o
                0x0800efac                OSCfg_IdleTaskStkLimit
 .rodata.OSCfg_IdleTaskStkSize
                0x0800efb0        0x4 uCOS-III\Source\os_cfg_app.o
                0x0800efb0                OSCfg_IdleTaskStkSize
 .rodata.OSCfg_ISRStkBasePtr
                0x0800efb4        0x4 uCOS-III\Source\os_cfg_app.o
                0x0800efb4                OSCfg_ISRStkBasePtr
 .rodata.OSCfg_ISRStkSize
                0x0800efb8        0x4 uCOS-III\Source\os_cfg_app.o
                0x0800efb8                OSCfg_ISRStkSize
 .rodata.OSCfg_MsgPoolSize
                0x0800efbc        0x2 uCOS-III\Source\os_cfg_app.o
                0x0800efbc                OSCfg_MsgPoolSize
 *fill*         0x0800efbe        0x2 00
 .rodata.OSCfg_MsgPoolBasePtr
                0x0800efc0        0x4 uCOS-III\Source\os_cfg_app.o
                0x0800efc0                OSCfg_MsgPoolBasePtr
 .rodata.OSCfg_StatTaskPrio
                0x0800efc4        0x1 uCOS-III\Source\os_cfg_app.o
                0x0800efc4                OSCfg_StatTaskPrio
 *fill*         0x0800efc5        0x3 00
 .rodata.OSCfg_StatTaskRate_Hz
                0x0800efc8        0x4 uCOS-III\Source\os_cfg_app.o
                0x0800efc8                OSCfg_StatTaskRate_Hz
 .rodata.OSCfg_StatTaskStkBasePtr
                0x0800efcc        0x4 uCOS-III\Source\os_cfg_app.o
                0x0800efcc                OSCfg_StatTaskStkBasePtr
 .rodata.OSCfg_StatTaskStkLimit
                0x0800efd0        0x4 uCOS-III\Source\os_cfg_app.o
                0x0800efd0                OSCfg_StatTaskStkLimit
 .rodata.OSCfg_StatTaskStkSize
                0x0800efd4        0x4 uCOS-III\Source\os_cfg_app.o
                0x0800efd4                OSCfg_StatTaskStkSize
 .rodata.OSCfg_StkSizeMin
                0x0800efd8        0x4 uCOS-III\Source\os_cfg_app.o
                0x0800efd8                OSCfg_StkSizeMin
 .rodata.OSCfg_TickRate_Hz
                0x0800efdc        0x4 uCOS-III\Source\os_cfg_app.o
                0x0800efdc                OSCfg_TickRate_Hz
 .rodata.OSCfg_TickTaskPrio
                0x0800efe0        0x1 uCOS-III\Source\os_cfg_app.o
                0x0800efe0                OSCfg_TickTaskPrio
 *fill*         0x0800efe1        0x3 00
 .rodata.OSCfg_TickTaskStkBasePtr
                0x0800efe4        0x4 uCOS-III\Source\os_cfg_app.o
                0x0800efe4                OSCfg_TickTaskStkBasePtr
 .rodata.OSCfg_TickTaskStkLimit
                0x0800efe8        0x4 uCOS-III\Source\os_cfg_app.o
                0x0800efe8                OSCfg_TickTaskStkLimit
 .rodata.OSCfg_TickTaskStkSize
                0x0800efec        0x4 uCOS-III\Source\os_cfg_app.o
                0x0800efec                OSCfg_TickTaskStkSize
 .rodata.OSCfg_TickWheelSize
                0x0800eff0        0x2 uCOS-III\Source\os_cfg_app.o
                0x0800eff0                OSCfg_TickWheelSize
 .rodata.OSCfg_TmrTaskPrio
                0x0800eff2        0x1 uCOS-III\Source\os_cfg_app.o
                0x0800eff2                OSCfg_TmrTaskPrio
 *fill*         0x0800eff3        0x1 00
 .rodata.OSCfg_TmrTaskRate_Hz
                0x0800eff4        0x4 uCOS-III\Source\os_cfg_app.o
                0x0800eff4                OSCfg_TmrTaskRate_Hz
 .rodata.OSCfg_TmrTaskStkBasePtr
                0x0800eff8        0x4 uCOS-III\Source\os_cfg_app.o
                0x0800eff8                OSCfg_TmrTaskStkBasePtr
 .rodata.OSCfg_TmrTaskStkLimit
                0x0800effc        0x4 uCOS-III\Source\os_cfg_app.o
                0x0800effc                OSCfg_TmrTaskStkLimit
 .rodata.OSCfg_TmrTaskStkSize
                0x0800f000        0x4 uCOS-III\Source\os_cfg_app.o
                0x0800f000                OSCfg_TmrTaskStkSize
 .rodata.OSCfg_TmrWheelSize
                0x0800f004        0x2 uCOS-III\Source\os_cfg_app.o
                0x0800f004                OSCfg_TmrWheelSize
 *fill*         0x0800f006        0x2 00
 .rodata.SerialLine_TTY
                0x0800f008       0x10 uC-Serial\Line\serial_line_tty.o
                0x0800f008                SerialLine_TTY
 .rodata.SerialLine_Dflt
                0x0800f018       0x10 uC-Serial\Line\serial_line_dflt.o
                0x0800f018                SerialLine_Dflt
 .rodata.SerialDrv_STM32_API
                0x0800f028       0x28 uC-Serial\Driver\ST\serial_drv_stm32.o
                0x0800f028                SerialDrv_STM32_API
 .rodata.SerialBSP_STM32_USART3
                0x0800f050       0x14 uC-Serial\Driver\ST\STM3240x\serial_bsp_stm3240x.o
 .rodata.str1.1
                0x0800f064        0x2 c:/program files (x86)/atollic/truestudio for arm pro 3.2.0/armtools/bin/../lib/gcc/arm-atollic-eabi/4.6.2/../../../../arm-atollic-eabi/lib/thumb/softfp/armv7e-m/fpv4-sp-d16\libc.a(lib_a-impure.o)
 .rodata.zeroes.6598
                0x0800f066       0x10 c:/program files (x86)/atollic/truestudio for arm pro 3.2.0/armtools/bin/../lib/gcc/arm-atollic-eabi/4.6.2/../../../../arm-atollic-eabi/lib/thumb/softfp/armv7e-m/fpv4-sp-d16\libc.a(lib_a-svfprintf.o)
 .rodata.str1.1
                0x0800f076       0x34 c:/program files (x86)/atollic/truestudio for arm pro 3.2.0/armtools/bin/../lib/gcc/arm-atollic-eabi/4.6.2/../../../../arm-atollic-eabi/lib/thumb/softfp/armv7e-m/fpv4-sp-d16\libc.a(lib_a-svfprintf.o)
 .rodata.blanks.6597
                0x0800f0aa       0x10 c:/program files (x86)/atollic/truestudio for arm pro 3.2.0/armtools/bin/../lib/gcc/arm-atollic-eabi/4.6.2/../../../../arm-atollic-eabi/lib/thumb/softfp/armv7e-m/fpv4-sp-d16\libc.a(lib_a-svfprintf.o)
 .rodata.str1.1
                0x0800f0ba        0xd c:/program files (x86)/atollic/truestudio for arm pro 3.2.0/armtools/bin/../lib/gcc/arm-atollic-eabi/4.6.2/../../../../arm-atollic-eabi/lib/thumb/softfp/armv7e-m/fpv4-sp-d16\libc.a(lib_a-dtoa.o)
                                  0xf (size before relaxing)
 .rodata.str1.1
                0x0800f0c7        0x8 c:/program files (x86)/atollic/truestudio for arm pro 3.2.0/armtools/bin/../lib/gcc/arm-atollic-eabi/4.6.2/../../../../arm-atollic-eabi/lib/thumb/softfp/armv7e-m/fpv4-sp-d16\libc.a(lib_a-locale.o)
                                  0xb (size before relaxing)
 *fill*         0x0800f0cf        0x1 00
 .rodata.p05.5123
                0x0800f0d0        0xc c:/program files (x86)/atollic/truestudio for arm pro 3.2.0/armtools/bin/../lib/gcc/arm-atollic-eabi/4.6.2/../../../../arm-atollic-eabi/lib/thumb/softfp/armv7e-m/fpv4-sp-d16\libc.a(lib_a-mprec.o)
 *fill*         0x0800f0dc        0x4 00
 .rodata.__mprec_tens
                0x0800f0e0       0xc8 c:/program files (x86)/atollic/truestudio for arm pro 3.2.0/armtools/bin/../lib/gcc/arm-atollic-eabi/4.6.2/../../../../arm-atollic-eabi/lib/thumb/softfp/armv7e-m/fpv4-sp-d16\libc.a(lib_a-mprec.o)
                0x0800f0e0                __mprec_tens
 .rodata.__mprec_bigtens
                0x0800f1a8       0x28 c:/program files (x86)/atollic/truestudio for arm pro 3.2.0/armtools/bin/../lib/gcc/arm-atollic-eabi/4.6.2/../../../../arm-atollic-eabi/lib/thumb/softfp/armv7e-m/fpv4-sp-d16\libc.a(lib_a-mprec.o)
                0x0800f1a8                __mprec_bigtens
 *(.glue_7)
 .glue_7        0x00000000        0x0 linker stubs
 *(.glue_7t)
 .glue_7t       0x00000000        0x0 linker stubs
 *(.eh_frame)
 .eh_frame      0x0800f1d0        0x0 c:/program files (x86)/atollic/truestudio for arm pro 3.2.0/armtools/bin/../lib/gcc/arm-atollic-eabi/4.6.2/thumb/softfp/armv7e-m/fpv4-sp-d16/crtbegin.o
 *(.init)
 .init          0x0800f1d0        0x4 c:/program files (x86)/atollic/truestudio for arm pro 3.2.0/armtools/bin/../lib/gcc/arm-atollic-eabi/4.6.2/thumb/softfp/armv7e-m/fpv4-sp-d16/crti.o
                0x0800f1d0                _init
 .init          0x0800f1d4        0x8 c:/program files (x86)/atollic/truestudio for arm pro 3.2.0/armtools/bin/../lib/gcc/arm-atollic-eabi/4.6.2/thumb/softfp/armv7e-m/fpv4-sp-d16/crtn.o
 *(.fini)
 .fini          0x0800f1dc        0x4 c:/program files (x86)/atollic/truestudio for arm pro 3.2.0/armtools/bin/../lib/gcc/arm-atollic-eabi/4.6.2/thumb/softfp/armv7e-m/fpv4-sp-d16/crti.o
                0x0800f1dc                _fini
 .fini          0x0800f1e0        0x8 c:/program files (x86)/atollic/truestudio for arm pro 3.2.0/armtools/bin/../lib/gcc/arm-atollic-eabi/4.6.2/thumb/softfp/armv7e-m/fpv4-sp-d16/crtn.o
                0x0800f1e8                . = ALIGN (0x4)
                0x0800f1e8                _etext = .

.vfp11_veneer   0x0800f1e8        0x0
 .vfp11_veneer  0x00000000        0x0 linker stubs

.v4_bx          0x0800f1e8        0x0
 .v4_bx         0x00000000        0x0 linker stubs

.ARM.extab      0x0800f1e8       0x30
 *(.ARM.extab* .gnu.linkonce.armextab.*)
 .ARM.extab     0x0800f1e8       0x18 c:/program files (x86)/atollic/truestudio for arm pro 3.2.0/armtools/bin/../lib/gcc/arm-atollic-eabi/4.6.2/thumb/softfp/armv7e-m/fpv4-sp-d16\libgcc.a(unwind-arm.o)
 .ARM.extab     0x0800f200       0x18 c:/program files (x86)/atollic/truestudio for arm pro 3.2.0/armtools/bin/../lib/gcc/arm-atollic-eabi/4.6.2/thumb/softfp/armv7e-m/fpv4-sp-d16\libgcc.a(pr-support.o)

.ARM            0x0800f218       0xe0
                0x0800f218                __exidx_start = .
 *(.ARM.exidx*)
 .ARM.exidx     0x0800f218        0x8 c:/program files (x86)/atollic/truestudio for arm pro 3.2.0/armtools/bin/../lib/gcc/arm-atollic-eabi/4.6.2/thumb/softfp/armv7e-m/fpv4-sp-d16\libgcc.a(bpabi.o)
                                 0x10 (size before relaxing)
 .ARM.exidx     0x0800f220       0x88 c:/program files (x86)/atollic/truestudio for arm pro 3.2.0/armtools/bin/../lib/gcc/arm-atollic-eabi/4.6.2/thumb/softfp/armv7e-m/fpv4-sp-d16\libgcc.a(unwind-arm.o)
                                 0xc0 (size before relaxing)
 .ARM.exidx     0x0800f2a8       0x38 c:/program files (x86)/atollic/truestudio for arm pro 3.2.0/armtools/bin/../lib/gcc/arm-atollic-eabi/4.6.2/thumb/softfp/armv7e-m/fpv4-sp-d16\libgcc.a(pr-support.o)
                                 0x48 (size before relaxing)
 .ARM.exidx     0x0800f2e0        0x8 c:/program files (x86)/atollic/truestudio for arm pro 3.2.0/armtools/bin/../lib/gcc/arm-atollic-eabi/4.6.2/thumb/softfp/armv7e-m/fpv4-sp-d16\libgcc.a(_divdi3.o)
 .ARM.exidx     0x0800f2e8       0x10 c:/program files (x86)/atollic/truestudio for arm pro 3.2.0/armtools/bin/../lib/gcc/arm-atollic-eabi/4.6.2/thumb/softfp/armv7e-m/fpv4-sp-d16\libgcc.a(_udivdi3.o)
                                  0x8 (size before relaxing)
                0x0800f2f8                __exidx_end = .

.preinit_array  0x0800f2f8        0x0
                0x0800f2f8                PROVIDE (__preinit_array_start, .)
 *(.preinit_array*)
                0x0800f2f8                PROVIDE (__preinit_array_end, .)

.init_array     0x0800f2f8        0x4
                0x0800f2f8                PROVIDE (__init_array_start, .)
 *(SORT(.init_array.*))
 *(.init_array*)
 .init_array    0x0800f2f8        0x4 c:/program files (x86)/atollic/truestudio for arm pro 3.2.0/armtools/bin/../lib/gcc/arm-atollic-eabi/4.6.2/thumb/softfp/armv7e-m/fpv4-sp-d16/crtbegin.o
                0x0800f2fc                PROVIDE (__init_array_end, .)

.fini_array     0x0800f2fc        0x4
                0x0800f2fc                PROVIDE (__fini_array_start, .)
 *(SORT(.fini_array.*))
 *(.fini_array*)
 .fini_array    0x0800f2fc        0x4 c:/program files (x86)/atollic/truestudio for arm pro 3.2.0/armtools/bin/../lib/gcc/arm-atollic-eabi/4.6.2/thumb/softfp/armv7e-m/fpv4-sp-d16/crtbegin.o
                0x0800f300                PROVIDE (__fini_array_end, .)
                0x0800f300                _sidata = LOADADDR (.data)

.data           0x20000000      0x558 load address 0x0800f300
                0x20000000                . = ALIGN (0x4)
                0x20000000                _sdata = .
 *(.data)
 *(.data*)
 .data.SerialDevCfg_STM32_USART3
                0x20000000        0xc uC-Serial\Driver\ST\STM3240x\serial_bsp_stm3240x.o
                0x20000000                SerialDevCfg_STM32_USART3
 .data.APBAHBPrescTable
                0x2000000c       0x10 BSP\ST\STM32F4xx\src\stm32f4xx_rcc.o
 .data.impure_data
                0x2000001c       0xf0 c:/program files (x86)/atollic/truestudio for arm pro 3.2.0/armtools/bin/../lib/gcc/arm-atollic-eabi/4.6.2/../../../../arm-atollic-eabi/lib/thumb/softfp/armv7e-m/fpv4-sp-d16\libc.a(lib_a-impure.o)
 .data._impure_ptr
                0x2000010c        0x4 c:/program files (x86)/atollic/truestudio for arm pro 3.2.0/armtools/bin/../lib/gcc/arm-atollic-eabi/4.6.2/../../../../arm-atollic-eabi/lib/thumb/softfp/armv7e-m/fpv4-sp-d16\libc.a(lib_a-impure.o)
                0x2000010c                _impure_ptr
 .data.__malloc_av_
                0x20000110      0x408 c:/program files (x86)/atollic/truestudio for arm pro 3.2.0/armtools/bin/../lib/gcc/arm-atollic-eabi/4.6.2/../../../../arm-atollic-eabi/lib/thumb/softfp/armv7e-m/fpv4-sp-d16\libc.a(lib_a-mallocr.o)
                0x20000110                __malloc_av_
 .data.__malloc_trim_threshold
                0x20000518        0x4 c:/program files (x86)/atollic/truestudio for arm pro 3.2.0/armtools/bin/../lib/gcc/arm-atollic-eabi/4.6.2/../../../../arm-atollic-eabi/lib/thumb/softfp/armv7e-m/fpv4-sp-d16\libc.a(lib_a-mallocr.o)
                0x20000518                __malloc_trim_threshold
 .data.__malloc_sbrk_base
                0x2000051c        0x4 c:/program files (x86)/atollic/truestudio for arm pro 3.2.0/armtools/bin/../lib/gcc/arm-atollic-eabi/4.6.2/../../../../arm-atollic-eabi/lib/thumb/softfp/armv7e-m/fpv4-sp-d16\libc.a(lib_a-mallocr.o)
                0x2000051c                __malloc_sbrk_base
 .data.lconv    0x20000520       0x38 c:/program files (x86)/atollic/truestudio for arm pro 3.2.0/armtools/bin/../lib/gcc/arm-atollic-eabi/4.6.2/../../../../arm-atollic-eabi/lib/thumb/softfp/armv7e-m/fpv4-sp-d16\libc.a(lib_a-locale.o)
                0x20000558                . = ALIGN (0x4)
                0x20000558                _edata = .
                0x0800f858                _siccmram = LOADADDR (.ccmram)

.jcr            0x20000558        0x0 load address 0x0800f858
 .jcr           0x20000558        0x0 c:/program files (x86)/atollic/truestudio for arm pro 3.2.0/armtools/bin/../lib/gcc/arm-atollic-eabi/4.6.2/thumb/softfp/armv7e-m/fpv4-sp-d16/crtbegin.o

.ccmram         0x10000000        0x0 load address 0x0800f858
                0x10000000                . = ALIGN (0x4)
                0x10000000                _sccmram = .
 *(.ccmram)
 *(.ccmram*)
                0x10000000                . = ALIGN (0x4)
                0x10000000                _eccmram = .
                0x10000000                . = ALIGN (0x4)

.bss            0x20000558     0x7f00
                0x20000558                _sbss = .
                0x20000558                __bss_start__ = _sbss
 *(.bss)
 .bss           0x20000558       0x1c c:/program files (x86)/atollic/truestudio for arm pro 3.2.0/armtools/bin/../lib/gcc/arm-atollic-eabi/4.6.2/thumb/softfp/armv7e-m/fpv4-sp-d16/crtbegin.o
 *(.bss*)
 .bss.Serial_IF_Tbl
                0x20000574      0x1e0 uC-Serial\Source\serial.o
 .bss.SerialIF_NbrNext
                0x20000754        0x1 uC-Serial\Source\serial.o
 *fill*         0x20000755        0x3 00
 .bss.OS_SemPool